 DemuxTwoOutput_sfun

 Timestamp is 671130b4 (Thu Oct 17 11:43:48 2024)

 Preferred load address is 0000000180000000

 Start         Length     Name                   Class
 0001:00000000 00011c20H .text$mn                CODE
 0001:00011c20 00000036H .text$mn$00             CODE
 0001:00011c56 00000092H .text$x                 CODE
 0002:00000000 00000490H .idata$5                DATA
 0002:00000490 00000038H .00cfg                  DATA
 0002:000004c8 00000008H .CRT$XCA                DATA
 0002:000004d0 00000008H .CRT$XCZ                DATA
 0002:000004d8 00000008H .CRT$XIA                DATA
 0002:000004e0 00000008H .CRT$XIZ                DATA
 0002:000004e8 00000008H .CRT$XPA                DATA
 0002:000004f0 00000008H .CRT$XPZ                DATA
 0002:000004f8 00000008H .CRT$XTA                DATA
 0002:00000500 00000010H .CRT$XTZ                DATA
 0002:00000508 00000000H .gehcont$y              DATA
 0002:00000508 00000000H .gfids$y                DATA
 0002:00000510 00000370H .rdata                  DATA
 0002:00000880 00000080H .rdata$CastGuardVftablesA DATA
 0002:00000900 00000080H .rdata$CastGuardVftablesC DATA
 0002:00000980 00000188H .rdata$voltmd           DATA
 0002:00000b08 00000278H .rdata$zzzdbg           DATA
 0002:00000d80 00000008H .rtc$IAA                DATA
 0002:00000d88 00000008H .rtc$IZZ                DATA
 0002:00000d90 00000008H .rtc$TAA                DATA
 0002:00000d98 00000008H .rtc$TZZ                DATA
 0002:00000da0 00000a40H .xdata                  DATA
 0002:000017e0 00000080H .edata                  DATA
 0002:00001860 00000104H .idata$2                DATA
 0002:00001964 00000014H .idata$3                DATA
 0002:00001978 00000490H .idata$4                DATA
 0002:00001e08 00000ca6H .idata$6                DATA
 0003:00000000 00004680H .data                   DATA
 0003:00004680 00000d50H .bss                    DATA
 0004:00000000 00000c60H .pdata                  DATA

  Address         Publics by Value              Rva+Base               Lib:Object

 0000:00000000       __AbsoluteZero             0000000000000000     <absolute>
 0000:00000000       ___safe_se_handler_count   0000000000000000     <absolute>
 0000:00000000       ___safe_se_handler_table   0000000000000000     <absolute>
 0000:00000000       __arm64x_extra_rfe_table   0000000000000000     <absolute>
 0000:00000000       __arm64x_extra_rfe_table_size 0000000000000000     <absolute>
 0000:00000000       __arm64x_native_entrypoint 0000000000000000     <absolute>
 0000:00000000       __arm64x_redirection_metadata 0000000000000000     <absolute>
 0000:00000000       __arm64x_redirection_metadata_count 0000000000000000     <absolute>
 0000:00000000       __dynamic_value_reloc_table 0000000000000000     <absolute>
 0000:00000000       __enclave_config           0000000000000000     <absolute>
 0000:00000000       __guard_check_icall_a64n_fptr 0000000000000000     <absolute>
 0000:00000000       __guard_eh_cont_count      0000000000000000     <absolute>
 0000:00000000       __guard_eh_cont_table      0000000000000000     <absolute>
 0000:00000000       __guard_fids_count         0000000000000000     <absolute>
 0000:00000000       __guard_fids_table         0000000000000000     <absolute>
 0000:00000000       __guard_iat_count          0000000000000000     <absolute>
 0000:00000000       __guard_iat_table          0000000000000000     <absolute>
 0000:00000000       __guard_longjmp_count      0000000000000000     <absolute>
 0000:00000000       __guard_longjmp_table      0000000000000000     <absolute>
 0000:00000000       __hybrid_auxiliary_delayload_iat 0000000000000000     <absolute>
 0000:00000000       __hybrid_auxiliary_delayload_iat_copy 0000000000000000     <absolute>
 0000:00000000       __hybrid_auxiliary_iat     0000000000000000     <absolute>
 0000:00000000       __hybrid_auxiliary_iat_copy 0000000000000000     <absolute>
 0000:00000000       __hybrid_code_map          0000000000000000     <absolute>
 0000:00000000       __hybrid_code_map_count    0000000000000000     <absolute>
 0000:00000000       __hybrid_image_info_bitfield 0000000000000000     <absolute>
 0000:00000000       __x64_code_ranges_to_entry_points 0000000000000000     <absolute>
 0000:00000000       __x64_code_ranges_to_entry_points_count 0000000000000000     <absolute>
 0000:00000100       __guard_flags              0000000000000100     <absolute>
 0000:00000000       __ImageBase                0000000180000000     <linker-defined>
 0001:00000000       DemuxTwoOutput_initializer 0000000180001000 f   DemuxTwoOutput_sfun.obj
 0001:00000010       DemuxTwoOutput_terminator  0000000180001010 f   DemuxTwoOutput_sfun.obj
 0001:00000020       load_DemuxTwoOutput_optimization_info 0000000180001020 f   DemuxTwoOutput_sfun.obj
 0001:000000d0       unload_DemuxTwoOutput_optimization_info 00000001800010d0 f   DemuxTwoOutput_sfun.obj
 0001:00000100       sf_DemuxTwoOutput_method_dispatcher 0000000180001100 f   DemuxTwoOutput_sfun.obj
 0001:00000150       sf_DemuxTwoOutput_process_check_sum_call 0000000180001150 f   DemuxTwoOutput_sfun.obj
 0001:00000650       sf_DemuxTwoOutput_get_eml_resolved_functions_info 0000000180001650 f   DemuxTwoOutput_sfun.obj
 0001:00000840       sf_DemuxTwoOutput_third_party_uses_info 0000000180001840 f   DemuxTwoOutput_sfun.obj
 0001:00000a10       sf_DemuxTwoOutput_jit_fallback_info 0000000180001a10 f   DemuxTwoOutput_sfun.obj
 0001:00000be0       sf_DemuxTwoOutput_get_post_codegen_info 0000000180001be0 f   DemuxTwoOutput_sfun.obj
 0001:00000dc0       sf_DemuxTwoOutput_updateBuildInfo_args_info 0000000180001dc0 f   DemuxTwoOutput_sfun.obj
 0001:00000fd0       sf_c2_DemuxTwoOutput_get_eml_resolved_functions_info 0000000180001fd0 f   c2_DemuxTwoOutput.obj
 0001:00001050       sf_c2_DemuxTwoOutput_get_check_sum 0000000180002050 f   c2_DemuxTwoOutput.obj
 0001:00001120       c2_DemuxTwoOutput_method_dispatcher 0000000180002120 f   c2_DemuxTwoOutput.obj
 0001:000049e0       sf_c2_DemuxTwoOutput_third_party_uses_info 00000001800059e0 f   c2_DemuxTwoOutput.obj
 0001:00004a10       sf_c2_DemuxTwoOutput_jit_fallback_info 0000000180005a10 f   c2_DemuxTwoOutput.obj
 0001:00004ba0       sf_c2_DemuxTwoOutput_updateBuildInfo_args_info 0000000180005ba0 f   c2_DemuxTwoOutput.obj
 0001:00004ed0       sf_c2_DemuxTwoOutput_get_post_codegen_info 0000000180005ed0 f   c2_DemuxTwoOutput.obj
 0001:00005470       mexFunction                0000000180006470 f   DemuxTwoOutput_sfun_registry.obj
 0001:00007db0       _ssSetInputPortDirectFeedThroughFcn 0000000180008db0 f   DemuxTwoOutput_sfun_registry.obj
 0001:00007f20       _ssSetRWorkValueFcn        0000000180008f20 f   DemuxTwoOutput_sfun_registry.obj
 0001:00007fa0       _ssGetRWorkValueFcn        0000000180008fa0 f   DemuxTwoOutput_sfun_registry.obj
 0001:00008010       _ssSetIWorkValueFcn        0000000180009010 f   DemuxTwoOutput_sfun_registry.obj
 0001:00008090       _ssGetIWorkValueFcn        0000000180009090 f   DemuxTwoOutput_sfun_registry.obj
 0001:00008100       _ssSetPWorkValueFcn        0000000180009100 f   DemuxTwoOutput_sfun_registry.obj
 0001:00008180       _ssGetPWorkValueFcn        0000000180009180 f   DemuxTwoOutput_sfun_registry.obj
 0001:000081f0       _ssGetInputPortSignalFcn   00000001800091f0 f   DemuxTwoOutput_sfun_registry.obj
 0001:00008580       _ssGetInputPortBufferDstPortFcn 0000000180009580 f   DemuxTwoOutput_sfun_registry.obj
 0001:00008600       _ssGetInputPortSignalPtrsFcn 0000000180009600 f   DemuxTwoOutput_sfun_registry.obj
 0001:00008990       ssGetParameterTuningCompliance 0000000180009990 f   DemuxTwoOutput_sfun_registry.obj
 0001:00008a00       _ssReadInputStringFcn      0000000180009a00 f   DemuxTwoOutput_sfun_registry.obj
 0001:00008a70       ssGetDTypeIdFromMxArray    0000000180009a70 f   DemuxTwoOutput_sfun_registry.obj
 0001:00008b90       ssWriteRTWMx2dMatParam     0000000180009b90 f   DemuxTwoOutput_sfun_registry.obj
 0001:00008c20       ssWriteRTWMxVectParam      0000000180009c20 f   DemuxTwoOutput_sfun_registry.obj
 0001:00008ca0       ssWriteRTWParameters       0000000180009ca0 f   DemuxTwoOutput_sfun_registry.obj
 0001:00009260       ssWriteRTWParamSettings    000000018000a260 f   DemuxTwoOutput_sfun_registry.obj
 0001:00009950       ssWriteRTWStr              000000018000a950 f   DemuxTwoOutput_sfun_registry.obj
 0001:000099b0       ssWriteRTWWorkVect         000000018000a9b0 f   DemuxTwoOutput_sfun_registry.obj
 0001:00009f10       ssWarning                  000000018000af10 f   DemuxTwoOutput_sfun_registry.obj
 0001:0000a000       ssGetRootSS                000000018000b000 f   DemuxTwoOutput_sfun_registry.obj
 0001:0000a0c0       ssGetParentSS              000000018000b0c0 f   DemuxTwoOutput_sfun_registry.obj
 0001:0000a180       ssWriteRTWNameValuePair    000000018000b180 f   DemuxTwoOutput_sfun_registry.obj
 0001:0000a680       _ssSetInputPortMatrixDimensions 000000018000b680 f   DemuxTwoOutput_sfun_registry.obj
 0001:0000a7d0       _ssSetOutputPortMatrixDimensions 000000018000b7d0 f   DemuxTwoOutput_sfun_registry.obj
 0001:0000a920       _ssSetInputPortVectorDimension 000000018000b920 f   DemuxTwoOutput_sfun_registry.obj
 0001:0000a9d0       _ssSetOutputPortVectorDimension 000000018000b9d0 f   DemuxTwoOutput_sfun_registry.obj
 0001:0000aa80       ssIsRunTimeParamTunable    000000018000ba80 f   DemuxTwoOutput_sfun_registry.obj
 0001:0000aaf0       ssGetSFuncBlockHandle      000000018000baf0 f   DemuxTwoOutput_sfun_registry.obj
 0001:0000ab60       _ssGetCallSystemNumFcnCallDestinations 000000018000bb60 f   DemuxTwoOutput_sfun_registry.obj
 0001:0000abd0       _ssGetCurrentInputPortWidth 000000018000bbd0 f   DemuxTwoOutput_sfun_registry.obj
 0001:0000ad10       _ssGetCurrentOutputPortWidth 000000018000bd10 f   DemuxTwoOutput_sfun_registry.obj
 0001:0000ae50       ssGetIsZeroCrossControlDisabled 000000018000be50 f   DemuxTwoOutput_sfun_registry.obj
 0001:0000aec0       ssSetIsInputPortUsedForContZcSignal 000000018000bec0 f   DemuxTwoOutput_sfun_registry.obj
 0001:0000af30       ssSetZcSignalIsZcElementDisc 000000018000bf30 f   DemuxTwoOutput_sfun_registry.obj
 0001:0000afe0       ssSetZcSignalName          000000018000bfe0 f   DemuxTwoOutput_sfun_registry.obj
 0001:0000b050       ssSetZcSignalWidth         000000018000c050 f   DemuxTwoOutput_sfun_registry.obj
 0001:0000b0c0       ssSetZcSignalZcEventType   000000018000c0c0 f   DemuxTwoOutput_sfun_registry.obj
 0001:0000b130       ssSetZcSignalType          000000018000c130 f   DemuxTwoOutput_sfun_registry.obj
 0001:0000b1a0       ssSetZcSignalZcTol         000000018000c1a0 f   DemuxTwoOutput_sfun_registry.obj
 0001:0000b210       ssSetZcSignalNeedsEventNotification 000000018000c210 f   DemuxTwoOutput_sfun_registry.obj
 0001:0000b280       ssCreateAndAddZcSignalInfo 000000018000c280 f   DemuxTwoOutput_sfun_registry.obj
 0001:0000b2f0       ssCloneAndAddZcSignalInfo  000000018000c2f0 f   DemuxTwoOutput_sfun_registry.obj
 0001:0000b360       ssGetNumZcSignals          000000018000c360 f   DemuxTwoOutput_sfun_registry.obj
 0001:0000b3d0       ssGetZcSignalVector        000000018000c3d0 f   DemuxTwoOutput_sfun_registry.obj
 0001:0000b440       ssGetZcSignalName          000000018000c440 f   DemuxTwoOutput_sfun_registry.obj
 0001:0000b4b0       ssGetZcSignalWidth         000000018000c4b0 f   DemuxTwoOutput_sfun_registry.obj
 0001:0000b520       ssGetZcSignalZcEventType   000000018000c520 f   DemuxTwoOutput_sfun_registry.obj
 0001:0000b590       ssGetZcSignalZcEvents      000000018000c590 f   DemuxTwoOutput_sfun_registry.obj
 0001:0000b600       ssGetZcSignalType          000000018000c600 f   DemuxTwoOutput_sfun_registry.obj
 0001:0000b670       ssGetZcSignalZcTol         000000018000c670 f   DemuxTwoOutput_sfun_registry.obj
 0001:0000b6f0       ssGetZcSignalNeedsEventNotification 000000018000c6f0 f   DemuxTwoOutput_sfun_registry.obj
 0001:0000b760       ssGetZcSignalIsZcElementDisc 000000018000c760 f   DemuxTwoOutput_sfun_registry.obj
 0001:0000b800       ssGetIsInputPortElementContinuous 000000018000c800 f   DemuxTwoOutput_sfun_registry.obj
 0001:0000b8a0       _ssGetAbsTol               000000018000c8a0 f   DemuxTwoOutput_sfun_registry.obj
 0001:0000b910       _ssSetStateAbsTol          000000018000c910 f   DemuxTwoOutput_sfun_registry.obj
 0001:0000b9f0       _ssSetInputPortReusableFcn 000000018000c9f0 f   DemuxTwoOutput_sfun_registry.obj
 0001:0000baf0       _ssSetOutputPortReusableFcn 000000018000caf0 f   DemuxTwoOutput_sfun_registry.obj
 0001:0000bbf0       _ssSetSymbolicDimsSupport  000000018000cbf0 f   DemuxTwoOutput_sfun_registry.obj
 0001:0000bc60       _ssRegisterSymbolicDimsExpr 000000018000cc60 f   DemuxTwoOutput_sfun_registry.obj
 0001:0000bce0       _ssRegisterSymbolicDimsMATLABExpr 000000018000cce0 f   DemuxTwoOutput_sfun_registry.obj
 0001:0000bd70       _ssRegisterSymbolicDims    000000018000cd70 f   DemuxTwoOutput_sfun_registry.obj
 0001:0000be10       _ssRegisterSymbolicDimsString 000000018000ce10 f   DemuxTwoOutput_sfun_registry.obj
 0001:0000be90       _ssRegisterSymbolicDimsIntValue 000000018000ce90 f   DemuxTwoOutput_sfun_registry.obj
 0001:0000bf00       _ssRegisterSymbolicEqualRelation 000000018000cf00 f   DemuxTwoOutput_sfun_registry.obj
 0001:0000bf70       _ssRegisterSymbolicEqualValue 000000018000cf70 f   DemuxTwoOutput_sfun_registry.obj
 0001:0000bfe0       _ssAmendLeadingSymbolicDims 000000018000cfe0 f   DemuxTwoOutput_sfun_registry.obj
 0001:0000c060       _ssAmendTrailingSymbolicDims 000000018000d060 f   DemuxTwoOutput_sfun_registry.obj
 0001:0000c0e0       _ssRegisterSymbolicDimsPlus 000000018000d0e0 f   DemuxTwoOutput_sfun_registry.obj
 0001:0000c160       _ssRegisterSymbolicDimsMinus 000000018000d160 f   DemuxTwoOutput_sfun_registry.obj
 0001:0000c1e0       _ssRegisterSymbolicDimsMultiply 000000018000d1e0 f   DemuxTwoOutput_sfun_registry.obj
 0001:0000c260       _ssRegisterSymbolicDimsDivide 000000018000d260 f   DemuxTwoOutput_sfun_registry.obj
 0001:0000c2e0       _ssGetNumSymbolicDims      000000018000d2e0 f   DemuxTwoOutput_sfun_registry.obj
 0001:0000c350       _ssGetSymbolicDim          000000018000d350 f   DemuxTwoOutput_sfun_registry.obj
 0001:0000c3d0       _ssSetInputPortSymbolicDimsId 000000018000d3d0 f   DemuxTwoOutput_sfun_registry.obj
 0001:0000c440       _ssGetCompInputPortSymbolicDimsId 000000018000d440 f   DemuxTwoOutput_sfun_registry.obj
 0001:0000c4b0       _ssSetCompInputPortSymbolicDimsId 000000018000d4b0 f   DemuxTwoOutput_sfun_registry.obj
 0001:0000c520       _ssSetOutputPortSymbolicDimsId 000000018000d520 f   DemuxTwoOutput_sfun_registry.obj
 0001:0000c590       _ssGetCompOutputPortSymbolicDimsId 000000018000d590 f   DemuxTwoOutput_sfun_registry.obj
 0001:0000c600       _ssSetCompOutputPortSymbolicDimsId 000000018000d600 f   DemuxTwoOutput_sfun_registry.obj
 0001:0000c670       _ssGetDWorkSymbolicDimsId  000000018000d670 f   DemuxTwoOutput_sfun_registry.obj
 0001:0000c6e0       _ssSetDWorkSymbolicDimsId  000000018000d6e0 f   DemuxTwoOutput_sfun_registry.obj
 0001:0000c750       _ssGetCompDWorkSymbolicDimsId 000000018000d750 f   DemuxTwoOutput_sfun_registry.obj
 0001:0000c7c0       _ssSetCompDWorkSymbolicDimsId 000000018000d7c0 f   DemuxTwoOutput_sfun_registry.obj
 0001:0000c830       _ssCreateSLCGStringBuffer  000000018000d830 f   DemuxTwoOutput_sfun_registry.obj
 0001:0000c8a0       _ssAddToSLCGStringBuffer   000000018000d8a0 f   DemuxTwoOutput_sfun_registry.obj
 0001:0000c910       _ssGetPointerContainedData 000000018000d910 f   DemuxTwoOutput_sfun_registry.obj
 0001:0000c9a0       _ssGetPointerContainedDataWidth 000000018000d9a0 f   DemuxTwoOutput_sfun_registry.obj
 0001:0000ca30       _ssRegisterDynamicArrayDataTypeFcn 000000018000da30 f   DemuxTwoOutput_sfun_registry.obj
 0001:0000cad0       _ssGetDynamicArrayContainedDataCurrentWidthFcn 000000018000dad0 f   DemuxTwoOutput_sfun_registry.obj
 0001:0000cba0       _ssGetDynamicArrayContainedDataFcn 000000018000dba0 f   DemuxTwoOutput_sfun_registry.obj
 0001:0000cc70       _ssGetInputPortDynamicArrayDataFcn 000000018000dc70 f   DemuxTwoOutput_sfun_registry.obj
 0001:0000cd30       _ssGetOutputPortDynamicArrayDataFcn 000000018000dd30 f   DemuxTwoOutput_sfun_registry.obj
 0001:0000cdf0       _ssGetInputPortDynamicArrayContainedDataFcn 000000018000ddf0 f   DemuxTwoOutput_sfun_registry.obj
 0001:0000ceb0       _ssGetOutputPortDynamicArrayContainedDataFcn 000000018000deb0 f   DemuxTwoOutput_sfun_registry.obj
 0001:0000cf70       _ssGetDynamicArrayDWorkContainedDataFcn 000000018000df70 f   DemuxTwoOutput_sfun_registry.obj
 0001:0000d030       sf_process_check_sum_call  000000018000e030 f   DemuxTwoOutput_sfun_registry.obj
 0001:0000d080       sf_process_get_third_party_uses_info_call 000000018000e080 f   DemuxTwoOutput_sfun_registry.obj
 0001:0000d2b0       sf_process_get_jit_fallback_info_call 000000018000e2b0 f   DemuxTwoOutput_sfun_registry.obj
 0001:0000d4e0       sf_process_get_post_codegen_info_call 000000018000e4e0 f   DemuxTwoOutput_sfun_registry.obj
 0001:0000d710       sf_process_get_updateBuildInfo_args_info_call 000000018000e710 f   DemuxTwoOutput_sfun_registry.obj
 0001:0000d940       sf_process_get_eml_resolved_functions_info_call 000000018000e940 f   DemuxTwoOutput_sfun_registry.obj
 0001:0000db70       sf_mex_unlock_call         000000018000eb70 f   DemuxTwoOutput_sfun_registry.obj
 0001:0000dd90       sf_machine_global_initializer_called 000000018000ed90 f   DemuxTwoOutput_sfun_registry.obj
 0001:0000ddc0       sf_machine_global_method_dispatcher 000000018000edc0 f   DemuxTwoOutput_sfun_registry.obj
 0001:0000de20       sf_machine_global_terminator 000000018000ee20 f   DemuxTwoOutput_sfun_registry.obj
 0001:0000de60       callCustomFcn              000000018000ee60 f   DemuxTwoOutput_sfun_registry.obj
 0001:0000de70       sf_machine_global_initializer 000000018000ee70 f   DemuxTwoOutput_sfun_registry.obj
 0001:0000dea0       mdlGetSimState             000000018000eea0 f   DemuxTwoOutput_sfun_registry.obj
 0001:0000dee0       mdlSetSimState             000000018000eee0 f   DemuxTwoOutput_sfun_registry.obj
 0001:0000e890       ProcessMexSfunctionEveryCall 000000018000f890 f   DemuxTwoOutput_sfun_registry.obj
 0001:0000fa20       __local_stdio_printf_options 0000000180010a20 f i DemuxTwoOutput_sfun_registry.obj
 0001:0000fa30       _vsnprintf_l               0000000180010a30 f i DemuxTwoOutput_sfun_registry.obj
 0001:0000fab0       _vsprintf_l                0000000180010ab0 f i DemuxTwoOutput_sfun_registry.obj
 0001:0000fb00       sprintf                    0000000180010b00 f i DemuxTwoOutput_sfun_registry.obj
 0001:0000fb50       mexfilerequiredapiversion  0000000180010b50 f   c_mexapi_version.obj
 0001:0000fb80       getBitfieldFromFloat       0000000180010b80 f   half_type.obj
 0001:0000fbb0       getFloatFromBitfield       0000000180010bb0 f   half_type.obj
 0001:0000fbe0       getBitfieldFromHalf        0000000180010be0 f   half_type.obj
 0001:0000fc00       getHalfFromBitfield        0000000180010c00 f   half_type.obj
 0001:0000fc30       halfToFloat                0000000180010c30 f   half_type.obj
 0001:0000fdb0       halfToDouble               0000000180010db0 f   half_type.obj
 0001:0000fde0       floatToHalf                0000000180010de0 f   half_type.obj
 0001:00010040       doubleToHalf               0000000180011040 f   half_type.obj
 0001:0001032b       sf_load_rtw_optimization_info 000000018001132b f   sf_runtime:sf_runtime.dll
 0001:00010331       sf_mex_decode              0000000180011331 f   sf_runtime:sf_runtime.dll
 0001:00010337       sf_init_ChartRunTimeInfo   0000000180011337 f   sf_runtime:sf_runtime.dll
 0001:0001033d       sf_free_ChartRunTimeInfo   000000018001133d f   sf_runtime:sf_runtime.dll
 0001:00010343       sf_reset_warnings_ChartRunTimeInfo 0000000180011343 f   sf_runtime:sf_runtime.dll
 0001:00010349       sfrtGetEmlrtCtx            0000000180011349 f   sf_runtime:sf_runtime.dll
 0001:0001034f       sfrtGetCovrtInstance       000000018001134f f   sf_runtime:sf_runtime.dll
 0001:00010355       sf_get_chart_instance_ptr  0000000180011355 f   sf_runtime:sf_runtime.dll
 0001:0001035b       sfSetAnimationVectors      000000018001135b f   sf_runtime:sf_runtime.dll
 0001:00010361       sim_mode_is_rtw_gen        0000000180011361 f   sf_runtime:sf_runtime.dll
 0001:00010367       sim_mode_is_external       0000000180011367 f   sf_runtime:sf_runtime.dll
 0001:0001036d       sf_clear_rtw_identifier    000000018001136d f   sf_runtime:sf_runtime.dll
 0001:00010373       sf_get_time                0000000180011373 f   sf_runtime:sf_runtime.dll
 0001:00010379       sf_set_work_widths         0000000180011379 f   sf_runtime:sf_runtime.dll
 0001:0001037f       sf_error_out_about_continuous_sample_time_with_persistent_vars 000000018001137f f   sf_runtime:sf_runtime.dll
 0001:00010385       sfHasContStates            0000000180011385 f   sf_runtime:sf_runtime.dll
 0001:0001038b       supportsLegacyBehaviorForPersistentVarInContinuousTime 000000018001138b f   sf_runtime:sf_runtime.dll
 0001:00010391       mdlProcessParamsCommon     0000000180011391 f   sf_runtime:sf_runtime.dll
 0001:00010397       sf_mex_call                0000000180011397 f   sf_runtime:sf_runtime.dll
 0001:0001039d       sf_mex_error_message       000000018001139d f   sf_runtime:sf_runtime.dll
 0001:000103a3       sf_mex_create              00000001800113a3 f   sf_runtime:sf_runtime.dll
 0001:000103a9       sf_mex_createcellmatrix    00000001800113a9 f   sf_runtime:sf_runtime.dll
 0001:000103af       sf_mex_setcell             00000001800113af f   sf_runtime:sf_runtime.dll
 0001:000103b5       sf_mex_getcell             00000001800113b5 f   sf_runtime:sf_runtime.dll
 0001:000103bb       sf_mex_assign              00000001800113bb f   sf_runtime:sf_runtime.dll
 0001:000103c1       sf_mex_dup                 00000001800113c1 f   sf_runtime:sf_runtime.dll
 0001:000103c7       sf_mex_destroy             00000001800113c7 f   sf_runtime:sf_runtime.dll
 0001:000103cd       sf_mex_import              00000001800113cd f   sf_runtime:sf_runtime.dll
 0001:000103d3       ssGetInputPortSignal_wrapper 00000001800113d3 f   sf_runtime:sf_runtime.dll
 0001:000103d9       ssGetOutputPortSignal_wrapper 00000001800113d9 f   sf_runtime:sf_runtime.dll
 0001:000103df       sf_get_ChartInfoStruct_CodeGen 00000001800113df f   sf_runtime:sf_runtime.dll
 0001:000103e5       sf_get_hasSeparateUpdateOutputs 00000001800113e5 f   sf_runtime:sf_runtime.dll
 0001:000103eb       callMdlMethodAndReportError 00000001800113eb f   sf_runtime:sf_runtime.dll
 0001:000103f1       call_sf_machine_global_method_dispatcher 00000001800113f1 f   sf_runtime:sf_runtime.dll
 0001:000103f7       getRuntimeInstanceInfoAsVoid 00000001800113f7 f   sf_runtime:sf_runtime.dll
 0001:000103fd       sf_mex_error_direct_call   00000001800113fd f   sf_runtime:sf_runtime.dll
 0001:00010403       sf_clear_error_manager_info 0000000180011403 f   sf_runtime:sf_runtime.dll
 0001:00010409       mxIsChar_800               0000000180011409 f   libmx:libmx.dll
 0001:0001040f       mxGetScalar_800            000000018001140f f   libmx:libmx.dll
 0001:00010415       mxGetPr_800                0000000180011415 f   libmx:libmx.dll
 0001:0001041b       mxDestroyArray_800         000000018001141b f   libmx:libmx.dll
 0001:00010421       mxCreateDoubleMatrix_800   0000000180011421 f   libmx:libmx.dll
 0001:00010427       mxGetString_800            0000000180011427 f   libmx:libmx.dll
 0001:0001042d       mxDuplicateArray_800       000000018001142d f   libmx:libmx.dll
 0001:00010433       mxIsEmpty_800              0000000180011433 f   libmx:libmx.dll
 0001:00010439       mxSetField_800             0000000180011439 f   libmx:libmx.dll
 0001:0001043f       mxCreateString_800         000000018001143f f   libmx:libmx.dll
 0001:00010445       mxCreateCellMatrix_800     0000000180011445 f   libmx:libmx.dll
 0001:0001044b       mxCreateStructMatrix_800   000000018001144b f   libmx:libmx.dll
 0001:00010451       mxGetNaN_800               0000000180011451 f   libmx:libmx.dll
 0001:00010457       mxCalloc_800               0000000180011457 f   libmx:libmx.dll
 0001:0001045d       mxGetM_800                 000000018001145d f   libmx:libmx.dll
 0001:00010463       mxGetClassID_800           0000000180011463 f   libmx:libmx.dll
 0001:00010469       mxIsNumeric_800            0000000180011469 f   libmx:libmx.dll
 0001:0001046f       mxIsComplex_800            000000018001146f f   libmx:libmx.dll
 0001:00010475       mxGetN_800                 0000000180011475 f   libmx:libmx.dll
 0001:0001047b       mxCreateDoubleScalar_800   000000018001147b f   libmx:libmx.dll
 0001:00010481       mexMakeArrayPersistent_800 0000000180011481 f   libmex:libmex.dll
 0001:00010487       mexErrMsgTxt_800           0000000180011487 f   libmex:libmex.dll
 0001:0001048d       mexWarnMsgTxt_800          000000018001148d f   libmex:libmex.dll
 0001:00010493       mexCallMATLAB_800          0000000180011493 f   libmex:libmex.dll
 0001:00010499       mexLock_800                0000000180011499 f   libmex:libmex.dll
 0001:0001049f       mexUnlock_800              000000018001149f f   libmex:libmex.dll
 0001:000104a5       mexIsLocked_800            00000001800114a5 f   libmex:libmex.dll
 0001:000104ab       utMalloc                   00000001800114ab f   libut:libut.dll
 0001:000104b1       utFree                     00000001800114b1 f   libut:libut.dll
 0001:000104b7       muDoubleScalarCeil         00000001800114b7 f   libmwmathutil:libmwmathutil.dll
 0001:000104bd       muDoubleScalarFloor        00000001800114bd f   libmwmathutil:libmwmathutil.dll
 0001:000104c3       muDoubleScalarRound        00000001800114c3 f   libmwmathutil:libmwmathutil.dll
 0001:000104c9       muDoubleScalarRem          00000001800114c9 f   libmwmathutil:libmwmathutil.dll
 0001:000104cf       muDoubleScalarIsNaN        00000001800114cf f   libmwmathutil:libmwmathutil.dll
 0001:000104d5       muDoubleScalarIsInf        00000001800114d5 f   libmwmathutil:libmwmathutil.dll
 0001:000104db       covrtCreateStateflowInstanceData 00000001800114db f   libcovrt:libcovrt.dll
 0001:000104e1       covrtDeleteStateflowInstanceData 00000001800114e1 f   libcovrt:libcovrt.dll
 0001:000104e7       covrtTransInitFcn          00000001800114e7 f   libcovrt:libcovrt.dll
 0001:000104ed       covrtStateInitFcn          00000001800114ed f   libcovrt:libcovrt.dll
 0001:000104f3       covrtChartInitFcn          00000001800114f3 f   libcovrt:libcovrt.dll
 0001:000104f9       covrtRelationalopUpdateFcn 00000001800114f9 f   libcovrt:libcovrt.dll
 0001:000104ff       covrtSaturationUpdateFcn   00000001800114ff f   libcovrt:libcovrt.dll
 0001:00010505       covrtSigUpdateFcn          0000000180011505 f   libcovrt:libcovrt.dll
 0001:0001050b       covrtEmlInitFcn            000000018001150b f   libcovrt:libcovrt.dll
 0001:00010511       covrtEmlFcnInitFcn         0000000180011511 f   libcovrt:libcovrt.dll
 0001:00010517       covrtEmlSaturationInitFcn  0000000180011517 f   libcovrt:libcovrt.dll
 0001:0001051d       covrtEmlIfInitFcn          000000018001151d f   libcovrt:libcovrt.dll
 0001:00010523       covrtEmlMCDCInitFcn        0000000180011523 f   libcovrt:libcovrt.dll
 0001:00010529       covrtEmlRelationalInitFcn  0000000180011529 f   libcovrt:libcovrt.dll
 0001:0001052f       covrtEmlFcnEval            000000018001152f f   libcovrt:libcovrt.dll
 0001:00010535       covrtEmlIfEval             0000000180011535 f   libcovrt:libcovrt.dll
 0001:0001053b       covrtEmlCondEval           000000018001153b f   libcovrt:libcovrt.dll
 0001:00010541       covrtEmlMcdcEval           0000000180011541 f   libcovrt:libcovrt.dll
 0001:00010548       __raise_securityfailure    0000000180011548 f   MSVCRT:gs_report.obj
 0001:0001057c       __report_gsfailure         000000018001157c f   MSVCRT:gs_report.obj
 0001:00010650       __report_rangecheckfailure 0000000180011650 f   MSVCRT:gs_report.obj
 0001:00010664       __report_securityfailure   0000000180011664 f   MSVCRT:gs_report.obj
 0001:00010704       __report_securityfailureEx 0000000180011704 f   MSVCRT:gs_report.obj
 0001:000108f8       __GSHandlerCheck           00000001800118f8 f   MSVCRT:gshandler.obj
 0001:00010918       __GSHandlerCheckCommon     0000000180011918 f   MSVCRT:gshandler.obj
 0001:00010990       __security_check_cookie    0000000180011990 f   MSVCRT:amdsecgs.obj
 0001:00010cdc       _CRT_INIT                  0000000180011cdc f   MSVCRT:dll_dllmain.obj
 0001:00010ce4       _DllMainCRTStartup         0000000180011ce4 f   MSVCRT:dll_dllmain.obj
 0001:00010d90       __security_init_cookie     0000000180011d90 f   MSVCRT:gs_support.obj
 0001:00010e3c       DllMain                    0000000180011e3c f   MSVCRT:dll_dllmain_stub.obj
 0001:00010e60       ?__scrt_initialize_type_info@@YAXXZ 0000000180011e60 f   MSVCRT:tncleanup.obj
 0001:00010e70       ?__scrt_uninitialize_type_info@@YAXXZ 0000000180011e70 f   MSVCRT:tncleanup.obj
 0001:00010e7c       __local_stdio_scanf_options 0000000180011e7c f i MSVCRT:default_local_stdio_options.obj
 0001:00010e84       __scrt_initialize_default_local_stdio_options 0000000180011e84 f   MSVCRT:default_local_stdio_options.obj
 0001:00010ea0       ?configure_argv@__scrt_narrow_argv_policy@@SAHXZ 0000000180011ea0 f i MSVCRT:utility.obj
 0001:00010f00       ?initialize_environment@__scrt_narrow_environment_policy@@SAHXZ 0000000180011f00 f i MSVCRT:utility.obj
 0001:00010f38       NtCurrentTeb               0000000180011f38 f i MSVCRT:utility.obj
 0001:00010f44       __scrt_acquire_startup_lock 0000000180011f44 f   MSVCRT:utility.obj
 0001:00010f80       __scrt_dllmain_after_initialize_c 0000000180011f80 f   MSVCRT:utility.obj
 0001:00010fb4       __scrt_dllmain_before_initialize_c 0000000180011fb4 f   MSVCRT:utility.obj
 0001:00010fcc       __scrt_dllmain_crt_thread_attach 0000000180011fcc f   MSVCRT:utility.obj
 0001:00010ff4       __scrt_dllmain_crt_thread_detach 0000000180011ff4 f   MSVCRT:utility.obj
 0001:0001100c       __scrt_dllmain_exception_filter 000000018001200c f   MSVCRT:utility.obj
 0001:0001106c       __scrt_dllmain_uninitialize_c 000000018001206c f   MSVCRT:utility.obj
 0001:0001109c       __scrt_dllmain_uninitialize_critical 000000018001209c f   MSVCRT:utility.obj
 0001:000110b0       __scrt_initialize_crt      00000001800120b0 f   MSVCRT:utility.obj
 0001:000110ec       __scrt_initialize_onexit_tables 00000001800120ec f   MSVCRT:utility.obj
 0001:00011178       __scrt_is_nonwritable_in_current_image 0000000180012178 f   MSVCRT:utility.obj
 0001:00011210       __scrt_release_startup_lock 0000000180012210 f   MSVCRT:utility.obj
 0001:00011234       __scrt_uninitialize_crt    0000000180012234 f   MSVCRT:utility.obj
 0001:00011260       _onexit                    0000000180012260 f   MSVCRT:utility.obj
 0001:0001129c       at_quick_exit              000000018001229c f   MSVCRT:utility.obj
 0001:000112bc       atexit                     00000001800122bc f   MSVCRT:utility.obj
 0001:000112d4       __scrt_get_dyn_tls_init_callback 00000001800122d4 f   MSVCRT:dyn_tls_init.obj
 0001:000112dc       __crt_debugger_hook        00000001800122dc f   MSVCRT:utility_desktop.obj
 0001:000112e4       __scrt_fastfail            00000001800122e4 f   MSVCRT:utility_desktop.obj
 0001:0001142c       __scrt_get_show_window_mode 000000018001242c f   MSVCRT:utility_desktop.obj
 0001:00011468       __scrt_initialize_mta      0000000180012468 f   MSVCRT:utility_desktop.obj
 0001:00011470       __scrt_initialize_winrt    0000000180012470 f   MSVCRT:utility_desktop.obj
 0001:00011474       __scrt_is_managed_app      0000000180012474 f   MSVCRT:utility_desktop.obj
 0001:000114c8       __scrt_set_unhandled_exception_filter 00000001800124c8 f   MSVCRT:utility_desktop.obj
 0001:000114d8       __scrt_exe_initialize_mta  00000001800124d8 f   MSVCRT:utility_desktop.obj
 0001:000114d8       __scrt_stub_for_initialize_mta 00000001800124d8 f   MSVCRT:utility_desktop.obj
 0001:000114dc       __scrt_unhandled_exception_filter 00000001800124dc f   MSVCRT:utility_desktop.obj
 0001:00011538       _RTC_Initialize            0000000180012538 f   MSVCRT:initsect.obj
 0001:00011574       _RTC_Terminate             0000000180012574 f   MSVCRT:initsect.obj
 0001:000115b0       _guard_check_icall_nop     00000001800125b0 f i MSVCRT:guard_support.obj
 0001:000115b4       ReadNoFence64              00000001800125b4 f i MSVCRT:guard_support.obj
 0001:000115b8       ReadPointerNoFence         00000001800125b8 f i MSVCRT:guard_support.obj
 0001:000115bc       __castguard_check_failure_debugbreak 00000001800125bc f i MSVCRT:guard_support.obj
 0001:000115d8       __castguard_check_failure_fastfail 00000001800125d8 f i MSVCRT:guard_support.obj
 0001:000115fc       __castguard_check_failure_nop 00000001800125fc f i MSVCRT:guard_support.obj
 0001:00011600       __castguard_check_failure_os_handled 0000000180012600 f i MSVCRT:guard_support.obj
 0001:0001164c       __castguard_check_failure_user_handled 000000018001264c f i MSVCRT:guard_support.obj
 0001:000116c0       __castguard_set_user_handler 00000001800126c0 f i MSVCRT:guard_support.obj
 0001:000116cc       __castguard_slow_path_check_debugbreak 00000001800126cc f i MSVCRT:guard_support.obj
 0001:00011700       __castguard_slow_path_check_fastfail 0000000180012700 f i MSVCRT:guard_support.obj
 0001:0001173c       __castguard_slow_path_check_nop 000000018001273c f i MSVCRT:guard_support.obj
 0001:00011740       __castguard_slow_path_check_os_handled 0000000180012740 f i MSVCRT:guard_support.obj
 0001:0001178c       __castguard_slow_path_check_user_handled 000000018001278c f i MSVCRT:guard_support.obj
 0001:000117f8       _guard_icall_checks_enforced 00000001800127f8 f i MSVCRT:guard_support.obj
 0001:00011810       _guard_rf_checks_enforced  0000000180012810 f i MSVCRT:guard_support.obj
 0001:00011814       __isa_available_init       0000000180012814 f   MSVCRT:cpu_disp.obj
 0001:00011ae0       _get_startup_argv_mode     0000000180012ae0 f   MSVCRT:argv_mode.obj
 0001:00011ae8       __scrt_is_ucrt_dll_in_use  0000000180012ae8 f   MSVCRT:ucrt_detection.obj
 0001:00011b00       RtlCaptureContext          0000000180012b00 f   kernel32:KERNEL32.dll
 0001:00011b06       RtlLookupFunctionEntry     0000000180012b06 f   kernel32:KERNEL32.dll
 0001:00011b0c       RtlVirtualUnwind           0000000180012b0c f   kernel32:KERNEL32.dll
 0001:00011b12       UnhandledExceptionFilter   0000000180012b12 f   kernel32:KERNEL32.dll
 0001:00011b18       SetUnhandledExceptionFilter 0000000180012b18 f   kernel32:KERNEL32.dll
 0001:00011b1e       GetCurrentProcess          0000000180012b1e f   kernel32:KERNEL32.dll
 0001:00011b24       TerminateProcess           0000000180012b24 f   kernel32:KERNEL32.dll
 0001:00011b2a       IsProcessorFeaturePresent  0000000180012b2a f   kernel32:KERNEL32.dll
 0001:00011b30       QueryPerformanceCounter    0000000180012b30 f   kernel32:KERNEL32.dll
 0001:00011b36       GetCurrentProcessId        0000000180012b36 f   kernel32:KERNEL32.dll
 0001:00011b3c       GetCurrentThreadId         0000000180012b3c f   kernel32:KERNEL32.dll
 0001:00011b42       GetSystemTimeAsFileTime    0000000180012b42 f   kernel32:KERNEL32.dll
 0001:00011b48       DisableThreadLibraryCalls  0000000180012b48 f   kernel32:KERNEL32.dll
 0001:00011b4e       InitializeSListHead        0000000180012b4e f   kernel32:KERNEL32.dll
 0001:00011b54       IsDebuggerPresent          0000000180012b54 f   kernel32:KERNEL32.dll
 0001:00011b5a       GetStartupInfoW            0000000180012b5a f   kernel32:KERNEL32.dll
 0001:00011b60       GetModuleHandleW           0000000180012b60 f   kernel32:KERNEL32.dll
 0001:00011b66       memset                     0000000180012b66 f   vcruntime:VCRUNTIME140.dll
 0001:00011b6c       memcpy                     0000000180012b6c f   vcruntime:VCRUNTIME140.dll
 0001:00011b72       __C_specific_handler       0000000180012b72 f   vcruntime:VCRUNTIME140.dll
 0001:00011b78       __std_type_info_destroy_list 0000000180012b78 f   vcruntime:VCRUNTIME140.dll
 0001:00011b7e       __current_exception        0000000180012b7e f   vcruntime:VCRUNTIME140.dll
 0001:00011b84       __current_exception_context 0000000180012b84 f   vcruntime:VCRUNTIME140.dll
 0001:00011b8a       strcmp                     0000000180012b8a f   ucrt:api-ms-win-crt-string-l1-1-0.dll
 0001:00011b90       strcat                     0000000180012b90 f   ucrt:api-ms-win-crt-string-l1-1-0.dll
 0001:00011b96       _localtime64               0000000180012b96 f   ucrt:api-ms-win-crt-time-l1-1-0.dll
 0001:00011b9c       _time64                    0000000180012b9c f   ucrt:api-ms-win-crt-time-l1-1-0.dll
 0001:00011ba2       __stdio_common_vsprintf    0000000180012ba2 f   ucrt:api-ms-win-crt-stdio-l1-1-0.dll
 0001:00011ba8       free                       0000000180012ba8 f   ucrt:api-ms-win-crt-heap-l1-1-0.dll
 0001:00011bae       malloc                     0000000180012bae f   ucrt:api-ms-win-crt-heap-l1-1-0.dll
 0001:00011bb4       strlen                     0000000180012bb4 f   ucrt:api-ms-win-crt-string-l1-1-0.dll
 0001:00011bba       _initterm                  0000000180012bba f   ucrt:api-ms-win-crt-runtime-l1-1-0.dll
 0001:00011bc0       _initterm_e                0000000180012bc0 f   ucrt:api-ms-win-crt-runtime-l1-1-0.dll
 0001:00011bc6       _seh_filter_dll            0000000180012bc6 f   ucrt:api-ms-win-crt-runtime-l1-1-0.dll
 0001:00011bcc       _configure_narrow_argv     0000000180012bcc f   ucrt:api-ms-win-crt-runtime-l1-1-0.dll
 0001:00011bd2       _initialize_narrow_environment 0000000180012bd2 f   ucrt:api-ms-win-crt-runtime-l1-1-0.dll
 0001:00011bd8       _initialize_onexit_table   0000000180012bd8 f   ucrt:api-ms-win-crt-runtime-l1-1-0.dll
 0001:00011bde       _register_onexit_function  0000000180012bde f   ucrt:api-ms-win-crt-runtime-l1-1-0.dll
 0001:00011be4       _execute_onexit_table      0000000180012be4 f   ucrt:api-ms-win-crt-runtime-l1-1-0.dll
 0001:00011bea       _crt_atexit                0000000180012bea f   ucrt:api-ms-win-crt-runtime-l1-1-0.dll
 0001:00011bf0       _crt_at_quick_exit         0000000180012bf0 f   ucrt:api-ms-win-crt-runtime-l1-1-0.dll
 0001:00011bf6       _cexit                     0000000180012bf6 f   ucrt:api-ms-win-crt-runtime-l1-1-0.dll
 0001:00011bfc       terminate                  0000000180012bfc f   ucrt:api-ms-win-crt-runtime-l1-1-0.dll
 0001:00011c04       __acrt_initialize          0000000180012c04 f   MSVCRT:ucrt_stubs.obj
 0001:00011c04       __scrt_stub_for_acrt_initialize 0000000180012c04 f   MSVCRT:ucrt_stubs.obj
 0001:00011c04       __vcrt_initialize          0000000180012c04 f   MSVCRT:ucrt_stubs.obj
 0001:00011c08       __acrt_thread_attach       0000000180012c08 f   MSVCRT:ucrt_stubs.obj
 0001:00011c08       __scrt_stub_for_acrt_thread_attach 0000000180012c08 f   MSVCRT:ucrt_stubs.obj
 0001:00011c08       __vcrt_thread_attach       0000000180012c08 f   MSVCRT:ucrt_stubs.obj
 0001:00011c0c       __acrt_thread_detach       0000000180012c0c f   MSVCRT:ucrt_stubs.obj
 0001:00011c0c       __scrt_stub_for_acrt_thread_detach 0000000180012c0c f   MSVCRT:ucrt_stubs.obj
 0001:00011c0c       __vcrt_thread_detach       0000000180012c0c f   MSVCRT:ucrt_stubs.obj
 0001:00011c10       __acrt_uninitialize        0000000180012c10 f   MSVCRT:ucrt_stubs.obj
 0001:00011c10       __scrt_stub_for_acrt_uninitialize 0000000180012c10 f   MSVCRT:ucrt_stubs.obj
 0001:00011c10       __vcrt_uninitialize        0000000180012c10 f   MSVCRT:ucrt_stubs.obj
 0001:00011c14       __acrt_uninitialize_critical 0000000180012c14 f   MSVCRT:ucrt_stubs.obj
 0001:00011c14       __scrt_stub_for_acrt_uninitialize_critical 0000000180012c14 f   MSVCRT:ucrt_stubs.obj
 0001:00011c14       __vcrt_uninitialize_critical 0000000180012c14 f   MSVCRT:ucrt_stubs.obj
 0001:00011c18       __scrt_stub_for_is_c_termination_complete 0000000180012c18 f   MSVCRT:ucrt_stubs.obj
 0001:00011c18       _is_c_termination_complete 0000000180012c18 f   MSVCRT:ucrt_stubs.obj
 0001:00011c30       _guard_dispatch_icall_nop  0000000180012c30 f   MSVCRT:guard_dispatch.obj
 0001:00011c50       _guard_xfg_dispatch_icall_nop 0000000180012c50 f   MSVCRT:guard_xfg_dispatch.obj
 0002:00000000       __imp_QueryPerformanceCounter 0000000180013000     kernel32:KERNEL32.dll
 0002:00000008       __imp_GetCurrentThreadId   0000000180013008     kernel32:KERNEL32.dll
 0002:00000010       __imp_RtlCaptureContext    0000000180013010     kernel32:KERNEL32.dll
 0002:00000018       __imp_RtlLookupFunctionEntry 0000000180013018     kernel32:KERNEL32.dll
 0002:00000020       __imp_RtlVirtualUnwind     0000000180013020     kernel32:KERNEL32.dll
 0002:00000028       __imp_GetSystemTimeAsFileTime 0000000180013028     kernel32:KERNEL32.dll
 0002:00000030       __imp_DisableThreadLibraryCalls 0000000180013030     kernel32:KERNEL32.dll
 0002:00000038       __imp_InitializeSListHead  0000000180013038     kernel32:KERNEL32.dll
 0002:00000040       __imp_IsDebuggerPresent    0000000180013040     kernel32:KERNEL32.dll
 0002:00000048       __imp_GetStartupInfoW      0000000180013048     kernel32:KERNEL32.dll
 0002:00000050       __imp_GetModuleHandleW     0000000180013050     kernel32:KERNEL32.dll
 0002:00000058       __imp_IsProcessorFeaturePresent 0000000180013058     kernel32:KERNEL32.dll
 0002:00000060       __imp_TerminateProcess     0000000180013060     kernel32:KERNEL32.dll
 0002:00000068       __imp_GetCurrentProcess    0000000180013068     kernel32:KERNEL32.dll
 0002:00000070       __imp_SetUnhandledExceptionFilter 0000000180013070     kernel32:KERNEL32.dll
 0002:00000078       __imp_UnhandledExceptionFilter 0000000180013078     kernel32:KERNEL32.dll
 0002:00000080       __imp_GetCurrentProcessId  0000000180013080     kernel32:KERNEL32.dll
 0002:00000088       \177KERNEL32_NULL_THUNK_DATA 0000000180013088     kernel32:KERNEL32.dll
 0002:00000090       __imp_memset               0000000180013090     vcruntime:VCRUNTIME140.dll
 0002:00000098       __imp_memcpy               0000000180013098     vcruntime:VCRUNTIME140.dll
 0002:000000a0       __imp___C_specific_handler 00000001800130a0     vcruntime:VCRUNTIME140.dll
 0002:000000a8       __imp___std_type_info_destroy_list 00000001800130a8     vcruntime:VCRUNTIME140.dll
 0002:000000b0       __imp___current_exception  00000001800130b0     vcruntime:VCRUNTIME140.dll
 0002:000000b8       __imp___current_exception_context 00000001800130b8     vcruntime:VCRUNTIME140.dll
 0002:000000c0       \177VCRUNTIME140_NULL_THUNK_DATA 00000001800130c0     vcruntime:VCRUNTIME140.dll
 0002:000000c8       __imp_malloc               00000001800130c8     ucrt:api-ms-win-crt-heap-l1-1-0.dll
 0002:000000d0       __imp_free                 00000001800130d0     ucrt:api-ms-win-crt-heap-l1-1-0.dll
 0002:000000d8       \177api-ms-win-crt-heap-l1-1-0_NULL_THUNK_DATA 00000001800130d8     ucrt:api-ms-win-crt-heap-l1-1-0.dll
 0002:000000e0       __imp__seh_filter_dll      00000001800130e0     ucrt:api-ms-win-crt-runtime-l1-1-0.dll
 0002:000000e8       __imp__configure_narrow_argv 00000001800130e8     ucrt:api-ms-win-crt-runtime-l1-1-0.dll
 0002:000000f0       __imp__initialize_narrow_environment 00000001800130f0     ucrt:api-ms-win-crt-runtime-l1-1-0.dll
 0002:000000f8       __imp__initialize_onexit_table 00000001800130f8     ucrt:api-ms-win-crt-runtime-l1-1-0.dll
 0002:00000100       __imp__initterm            0000000180013100     ucrt:api-ms-win-crt-runtime-l1-1-0.dll
 0002:00000108       __imp__register_onexit_function 0000000180013108     ucrt:api-ms-win-crt-runtime-l1-1-0.dll
 0002:00000110       __imp__execute_onexit_table 0000000180013110     ucrt:api-ms-win-crt-runtime-l1-1-0.dll
 0002:00000118       __imp__crt_atexit          0000000180013118     ucrt:api-ms-win-crt-runtime-l1-1-0.dll
 0002:00000120       __imp__crt_at_quick_exit   0000000180013120     ucrt:api-ms-win-crt-runtime-l1-1-0.dll
 0002:00000128       __imp__cexit               0000000180013128     ucrt:api-ms-win-crt-runtime-l1-1-0.dll
 0002:00000130       __imp_terminate            0000000180013130     ucrt:api-ms-win-crt-runtime-l1-1-0.dll
 0002:00000138       __imp__initterm_e          0000000180013138     ucrt:api-ms-win-crt-runtime-l1-1-0.dll
 0002:00000140       \177api-ms-win-crt-runtime-l1-1-0_NULL_THUNK_DATA 0000000180013140     ucrt:api-ms-win-crt-runtime-l1-1-0.dll
 0002:00000148       __imp___stdio_common_vsprintf 0000000180013148     ucrt:api-ms-win-crt-stdio-l1-1-0.dll
 0002:00000150       \177api-ms-win-crt-stdio-l1-1-0_NULL_THUNK_DATA 0000000180013150     ucrt:api-ms-win-crt-stdio-l1-1-0.dll
 0002:00000158       __imp_strlen               0000000180013158     ucrt:api-ms-win-crt-string-l1-1-0.dll
 0002:00000160       __imp_strcat               0000000180013160     ucrt:api-ms-win-crt-string-l1-1-0.dll
 0002:00000168       __imp_strcmp               0000000180013168     ucrt:api-ms-win-crt-string-l1-1-0.dll
 0002:00000170       \177api-ms-win-crt-string-l1-1-0_NULL_THUNK_DATA 0000000180013170     ucrt:api-ms-win-crt-string-l1-1-0.dll
 0002:00000178       __imp__time64              0000000180013178     ucrt:api-ms-win-crt-time-l1-1-0.dll
 0002:00000180       __imp__localtime64         0000000180013180     ucrt:api-ms-win-crt-time-l1-1-0.dll
 0002:00000188       \177api-ms-win-crt-time-l1-1-0_NULL_THUNK_DATA 0000000180013188     ucrt:api-ms-win-crt-time-l1-1-0.dll
 0002:00000190       __imp_covrtChartInitFcn    0000000180013190     libcovrt:libcovrt.dll
 0002:00000198       __imp_covrtEmlMcdcEval     0000000180013198     libcovrt:libcovrt.dll
 0002:000001a0       __imp_covrtEmlCondEval     00000001800131a0     libcovrt:libcovrt.dll
 0002:000001a8       __imp_covrtEmlIfEval       00000001800131a8     libcovrt:libcovrt.dll
 0002:000001b0       __imp_covrtEmlFcnEval      00000001800131b0     libcovrt:libcovrt.dll
 0002:000001b8       __imp_covrtEmlRelationalInitFcn 00000001800131b8     libcovrt:libcovrt.dll
 0002:000001c0       __imp_covrtEmlMCDCInitFcn  00000001800131c0     libcovrt:libcovrt.dll
 0002:000001c8       __imp_covrtEmlIfInitFcn    00000001800131c8     libcovrt:libcovrt.dll
 0002:000001d0       __imp_covrtEmlSaturationInitFcn 00000001800131d0     libcovrt:libcovrt.dll
 0002:000001d8       __imp_covrtStateInitFcn    00000001800131d8     libcovrt:libcovrt.dll
 0002:000001e0       __imp_covrtTransInitFcn    00000001800131e0     libcovrt:libcovrt.dll
 0002:000001e8       __imp_covrtDeleteStateflowInstanceData 00000001800131e8     libcovrt:libcovrt.dll
 0002:000001f0       __imp_covrtRelationalopUpdateFcn 00000001800131f0     libcovrt:libcovrt.dll
 0002:000001f8       __imp_covrtCreateStateflowInstanceData 00000001800131f8     libcovrt:libcovrt.dll
 0002:00000200       __imp_covrtSaturationUpdateFcn 0000000180013200     libcovrt:libcovrt.dll
 0002:00000208       __imp_covrtSigUpdateFcn    0000000180013208     libcovrt:libcovrt.dll
 0002:00000210       __imp_covrtEmlInitFcn      0000000180013210     libcovrt:libcovrt.dll
 0002:00000218       __imp_covrtEmlFcnInitFcn   0000000180013218     libcovrt:libcovrt.dll
 0002:00000220       \177libcovrt_NULL_THUNK_DATA 0000000180013220     libcovrt:libcovrt.dll
 0002:00000228       __imp_mexIsLocked_800      0000000180013228     libmex:libmex.dll
 0002:00000230       __imp_mexCallMATLAB_800    0000000180013230     libmex:libmex.dll
 0002:00000238       __imp_mexMakeArrayPersistent_800 0000000180013238     libmex:libmex.dll
 0002:00000240       __imp_mexErrMsgTxt_800     0000000180013240     libmex:libmex.dll
 0002:00000248       __imp_mexWarnMsgTxt_800    0000000180013248     libmex:libmex.dll
 0002:00000250       __imp_mexLock_800          0000000180013250     libmex:libmex.dll
 0002:00000258       __imp_mexUnlock_800        0000000180013258     libmex:libmex.dll
 0002:00000260       \177libmex_NULL_THUNK_DATA 0000000180013260     libmex:libmex.dll
 0002:00000268       __imp_muDoubleScalarRem    0000000180013268     libmwmathutil:libmwmathutil.dll
 0002:00000270       __imp_muDoubleScalarRound  0000000180013270     libmwmathutil:libmwmathutil.dll
 0002:00000278       __imp_muDoubleScalarFloor  0000000180013278     libmwmathutil:libmwmathutil.dll
 0002:00000280       __imp_muDoubleScalarCeil   0000000180013280     libmwmathutil:libmwmathutil.dll
 0002:00000288       __imp_muDoubleScalarIsInf  0000000180013288     libmwmathutil:libmwmathutil.dll
 0002:00000290       __imp_muDoubleScalarIsNaN  0000000180013290     libmwmathutil:libmwmathutil.dll
 0002:00000298       \177libmwmathutil_NULL_THUNK_DATA 0000000180013298     libmwmathutil:libmwmathutil.dll
 0002:000002a0       __imp_mxGetScalar_800      00000001800132a0     libmx:libmx.dll
 0002:000002a8       __imp_mxGetPr_800          00000001800132a8     libmx:libmx.dll
 0002:000002b0       __imp_mxDestroyArray_800   00000001800132b0     libmx:libmx.dll
 0002:000002b8       __imp_mxCreateDoubleMatrix_800 00000001800132b8     libmx:libmx.dll
 0002:000002c0       __imp_mxCreateDoubleScalar_800 00000001800132c0     libmx:libmx.dll
 0002:000002c8       __imp_mxGetN_800           00000001800132c8     libmx:libmx.dll
 0002:000002d0       __imp_mxIsComplex_800      00000001800132d0     libmx:libmx.dll
 0002:000002d8       __imp_mxIsNumeric_800      00000001800132d8     libmx:libmx.dll
 0002:000002e0       __imp_mxGetClassID_800     00000001800132e0     libmx:libmx.dll
 0002:000002e8       __imp_mxGetM_800           00000001800132e8     libmx:libmx.dll
 0002:000002f0       __imp_mxCalloc_800         00000001800132f0     libmx:libmx.dll
 0002:000002f8       __imp_mxGetNaN_800         00000001800132f8     libmx:libmx.dll
 0002:00000300       __imp_mxCreateStructMatrix_800 0000000180013300     libmx:libmx.dll
 0002:00000308       __imp_mxCreateCellMatrix_800 0000000180013308     libmx:libmx.dll
 0002:00000310       __imp_mxCreateString_800   0000000180013310     libmx:libmx.dll
 0002:00000318       __imp_mxSetField_800       0000000180013318     libmx:libmx.dll
 0002:00000320       __imp_mxIsEmpty_800        0000000180013320     libmx:libmx.dll
 0002:00000328       __imp_mxDuplicateArray_800 0000000180013328     libmx:libmx.dll
 0002:00000330       __imp_mxGetString_800      0000000180013330     libmx:libmx.dll
 0002:00000338       __imp_mxIsChar_800         0000000180013338     libmx:libmx.dll
 0002:00000340       \177libmx_NULL_THUNK_DATA  0000000180013340     libmx:libmx.dll
 0002:00000348       __imp_utFree               0000000180013348     libut:libut.dll
 0002:00000350       __imp_utMalloc             0000000180013350     libut:libut.dll
 0002:00000358       \177libut_NULL_THUNK_DATA  0000000180013358     libut:libut.dll
 0002:00000360       __imp_sf_mex_decode        0000000180013360     sf_runtime:sf_runtime.dll
 0002:00000368       __imp_sf_clear_error_manager_info 0000000180013368     sf_runtime:sf_runtime.dll
 0002:00000370       __imp_sf_mex_error_direct_call 0000000180013370     sf_runtime:sf_runtime.dll
 0002:00000378       __imp_getRuntimeInstanceInfoAsVoid 0000000180013378     sf_runtime:sf_runtime.dll
 0002:00000380       __imp_call_sf_machine_global_method_dispatcher 0000000180013380     sf_runtime:sf_runtime.dll
 0002:00000388       __imp_callMdlMethodAndReportError 0000000180013388     sf_runtime:sf_runtime.dll
 0002:00000390       __imp_sf_get_hasSeparateUpdateOutputs 0000000180013390     sf_runtime:sf_runtime.dll
 0002:00000398       __imp_sf_get_ChartInfoStruct_CodeGen 0000000180013398     sf_runtime:sf_runtime.dll
 0002:000003a0       __imp_ssGetOutputPortSignal_wrapper 00000001800133a0     sf_runtime:sf_runtime.dll
 0002:000003a8       __imp_ssGetInputPortSignal_wrapper 00000001800133a8     sf_runtime:sf_runtime.dll
 0002:000003b0       __imp_sf_mex_import        00000001800133b0     sf_runtime:sf_runtime.dll
 0002:000003b8       __imp_sf_mex_destroy       00000001800133b8     sf_runtime:sf_runtime.dll
 0002:000003c0       __imp_sf_mex_dup           00000001800133c0     sf_runtime:sf_runtime.dll
 0002:000003c8       __imp_sf_mex_assign        00000001800133c8     sf_runtime:sf_runtime.dll
 0002:000003d0       __imp_sf_mex_getcell       00000001800133d0     sf_runtime:sf_runtime.dll
 0002:000003d8       __imp_sf_mex_setcell       00000001800133d8     sf_runtime:sf_runtime.dll
 0002:000003e0       __imp_sf_mex_createcellmatrix 00000001800133e0     sf_runtime:sf_runtime.dll
 0002:000003e8       __imp_sf_mex_create        00000001800133e8     sf_runtime:sf_runtime.dll
 0002:000003f0       __imp_sf_mex_error_message 00000001800133f0     sf_runtime:sf_runtime.dll
 0002:000003f8       __imp_sf_mex_call          00000001800133f8     sf_runtime:sf_runtime.dll
 0002:00000400       __imp_mdlProcessParamsCommon 0000000180013400     sf_runtime:sf_runtime.dll
 0002:00000408       __imp_supportsLegacyBehaviorForPersistentVarInContinuousTime 0000000180013408     sf_runtime:sf_runtime.dll
 0002:00000410       __imp_sfHasContStates      0000000180013410     sf_runtime:sf_runtime.dll
 0002:00000418       __imp_sf_error_out_about_continuous_sample_time_with_persistent_vars 0000000180013418     sf_runtime:sf_runtime.dll
 0002:00000420       __imp_sf_set_work_widths   0000000180013420     sf_runtime:sf_runtime.dll
 0002:00000428       __imp_sf_get_time          0000000180013428     sf_runtime:sf_runtime.dll
 0002:00000430       __imp_sf_clear_rtw_identifier 0000000180013430     sf_runtime:sf_runtime.dll
 0002:00000438       __imp_sim_mode_is_external 0000000180013438     sf_runtime:sf_runtime.dll
 0002:00000440       __imp_sim_mode_is_rtw_gen  0000000180013440     sf_runtime:sf_runtime.dll
 0002:00000448       __imp_sfSetAnimationVectors 0000000180013448     sf_runtime:sf_runtime.dll
 0002:00000450       __imp_sf_get_chart_instance_ptr 0000000180013450     sf_runtime:sf_runtime.dll
 0002:00000458       __imp_sfrtGetCovrtInstance 0000000180013458     sf_runtime:sf_runtime.dll
 0002:00000460       __imp_sfrtGetEmlrtCtx      0000000180013460     sf_runtime:sf_runtime.dll
 0002:00000468       __imp_sf_reset_warnings_ChartRunTimeInfo 0000000180013468     sf_runtime:sf_runtime.dll
 0002:00000470       __imp_sf_free_ChartRunTimeInfo 0000000180013470     sf_runtime:sf_runtime.dll
 0002:00000478       __imp_sf_init_ChartRunTimeInfo 0000000180013478     sf_runtime:sf_runtime.dll
 0002:00000480       __imp_sf_load_rtw_optimization_info 0000000180013480     sf_runtime:sf_runtime.dll
 0002:00000488       \177sf_runtime_NULL_THUNK_DATA 0000000180013488     sf_runtime:sf_runtime.dll
 0002:00000490       __guard_check_icall_fptr   0000000180013490     MSVCRT:guard_support.obj
 0002:00000498       __guard_xfg_check_icall_fptr 0000000180013498     MSVCRT:guard_support.obj
 0002:000004a0       __guard_dispatch_icall_fptr 00000001800134a0     MSVCRT:guard_support.obj
 0002:000004a8       __guard_xfg_dispatch_icall_fptr 00000001800134a8     MSVCRT:guard_support.obj
 0002:000004b0       __guard_xfg_table_dispatch_icall_fptr 00000001800134b0     MSVCRT:guard_support.obj
 0002:000004b8       __castguard_check_failure_os_handled_fptr 00000001800134b8     MSVCRT:guard_support.obj
 0002:000004c0       __guard_memcpy_fptr        00000001800134c0     vcruntime:softmemtag.obj
 0002:000004c8       __xc_a                     00000001800134c8     MSVCRT:initializers.obj
 0002:000004d0       __xc_z                     00000001800134d0     MSVCRT:initializers.obj
 0002:000004d8       __xi_a                     00000001800134d8     MSVCRT:initializers.obj
 0002:000004e0       __xi_z                     00000001800134e0     MSVCRT:initializers.obj
 0002:000004e8       __xp_a                     00000001800134e8     MSVCRT:initializers.obj
 0002:000004f0       __xp_z                     00000001800134f0     MSVCRT:initializers.obj
 0002:000004f8       __xt_a                     00000001800134f8     MSVCRT:initializers.obj
 0002:00000500       __xt_z                     0000000180013500     MSVCRT:initializers.obj
 0002:00000510       __real@41a935fb7a000000    0000000180013510     DemuxTwoOutput_sfun.obj
 0002:00000518       __real@41b82a9620000000    0000000180013518     DemuxTwoOutput_sfun.obj
 0002:00000520       __real@41c25c6bf7000000    0000000180013520     DemuxTwoOutput_sfun.obj
 0002:00000528       __real@41c36c74cc800000    0000000180013528     DemuxTwoOutput_sfun.obj
 0002:00000530       __real@41c57c6f2a000000    0000000180013530     DemuxTwoOutput_sfun.obj
 0002:00000538       __real@41d6fe0789400000    0000000180013538     DemuxTwoOutput_sfun.obj
 0002:00000540       __real@41e1227f3c200000    0000000180013540     DemuxTwoOutput_sfun.obj
 0002:00000548       __real@41e3a9fcdd400000    0000000180013548     DemuxTwoOutput_sfun.obj
 0002:00000550       __real@41e51622a2a00000    0000000180013550     DemuxTwoOutput_sfun.obj
 0002:00000558       __real@41e5238045a00000    0000000180013558     DemuxTwoOutput_sfun.obj
 0002:00000560       __real@41e937918c200000    0000000180013560     DemuxTwoOutput_sfun.obj
 0002:00000568       __real@41ea4f9434a00000    0000000180013568     DemuxTwoOutput_sfun.obj
 0002:00000598       __real@0000000000000000    0000000180013598     c2_DemuxTwoOutput.obj
 0002:000005a0       __real@3ca0000000000000    00000001800135a0     c2_DemuxTwoOutput.obj
 0002:000005a8       __real@3defffffffffffff    00000001800135a8     c2_DemuxTwoOutput.obj
 0002:000005b0       __real@3e00000000200000    00000001800135b0     c2_DemuxTwoOutput.obj
 0002:000005b8       __real@3ff0000000000000    00000001800135b8     c2_DemuxTwoOutput.obj
 0002:000005c0       __real@4000000000000000    00000001800135c0     c2_DemuxTwoOutput.obj
 0002:000005c8       __real@4010000000000000    00000001800135c8     c2_DemuxTwoOutput.obj
 0002:000005d0       __real@403f000000000000    00000001800135d0     c2_DemuxTwoOutput.obj
 0002:000005d8       __real@404d800000000000    00000001800135d8     c2_DemuxTwoOutput.obj
 0002:000005e0       __real@404e000000000000    00000001800135e0     c2_DemuxTwoOutput.obj
 0002:000005e8       __real@4056800000000000    00000001800135e8     c2_DemuxTwoOutput.obj
 0002:000005f0       __real@4059000000000000    00000001800135f0     c2_DemuxTwoOutput.obj
 0002:000005f8       __real@405e000000000000    00000001800135f8     c2_DemuxTwoOutput.obj
 0002:00000600       __real@4062e00000000000    0000000180013600     c2_DemuxTwoOutput.obj
 0002:00000608       __real@4066a00000000000    0000000180013608     c2_DemuxTwoOutput.obj
 0002:00000610       __real@406a800000000000    0000000180013610     c2_DemuxTwoOutput.obj
 0002:00000618       __real@406c800000000000    0000000180013618     c2_DemuxTwoOutput.obj
 0002:00000620       __real@406e600000000000    0000000180013620     c2_DemuxTwoOutput.obj
 0002:00000628       __real@4071100000000000    0000000180013628     c2_DemuxTwoOutput.obj
 0002:00000630       __real@4073000000000000    0000000180013630     c2_DemuxTwoOutput.obj
 0002:00000638       __real@4074e00000000000    0000000180013638     c2_DemuxTwoOutput.obj
 0002:00000640       __real@4076d00000000000    0000000180013640     c2_DemuxTwoOutput.obj
 0002:00000648       __real@4078d00000000000    0000000180013648     c2_DemuxTwoOutput.obj
 0002:00000650       __real@4079000000000000    0000000180013650     c2_DemuxTwoOutput.obj
 0002:00000658       __real@40ac200000000000    0000000180013658     c2_DemuxTwoOutput.obj
 0002:00000660       __real@40f5180000000000    0000000180013660     c2_DemuxTwoOutput.obj
 0002:00000668       __real@41607ac000000000    0000000180013668     c2_DemuxTwoOutput.obj
 0002:00000670       __real@4190000000000000    0000000180013670     c2_DemuxTwoOutput.obj
 0002:00000678       __real@41d5693b5c000000    0000000180013678     c2_DemuxTwoOutput.obj
 0002:00000680       __real@41dfffffffc00000    0000000180013680     c2_DemuxTwoOutput.obj
 0002:00000688       __real@41e00b932e400000    0000000180013688     c2_DemuxTwoOutput.obj
 0002:00000690       __real@41e2da0191400000    0000000180013690     c2_DemuxTwoOutput.obj
 0002:00000698       __real@41e9f3a873200000    0000000180013698     c2_DemuxTwoOutput.obj
 0002:000006a0       __real@41f0000000000000    00000001800136a0     c2_DemuxTwoOutput.obj
 0002:000006a8       __real@bff0000000000000    00000001800136a8     c2_DemuxTwoOutput.obj
 0002:000006b0       DYNAMIC_DIMENSION_DEF      00000001800136b0     DemuxTwoOutput_sfun_registry.obj
 0002:000006c8       __real@41602cbca0000000    00000001800136c8     DemuxTwoOutput_sfun_registry.obj
 0002:000006e0       _pDefaultRawDllMain        00000001800136e0     MSVCRT:dll_dllmain.obj
 0002:000006e0       _pRawDllMain               00000001800136e0     MSVCRT:dll_dllmain.obj
 0002:000006f0       __xmm@ffffffffffffffffffffffffffffffff 00000001800136f0     MSVCRT:utility.obj
 0002:00000700       _load_config_used          0000000180013700     MSVCRT:loadcfg.obj
 0002:00000880       __CastGuardVftablesStart   0000000180013880     MSVCRT:guard_support.obj
 0002:00000900       __CastGuardVftablesEnd     0000000180013900     MSVCRT:guard_support.obj
 0002:00000980       __volatile_metadata        0000000180013980     <linker-defined>
 0002:00000d80       __rtc_iaa                  0000000180013d80     MSVCRT:initsect.obj
 0002:00000d88       __rtc_izz                  0000000180013d88     MSVCRT:initsect.obj
 0002:00000d90       __rtc_taa                  0000000180013d90     MSVCRT:initsect.obj
 0002:00000d98       __rtc_tzz                  0000000180013d98     MSVCRT:initsect.obj
 0002:00001860       __IMPORT_DESCRIPTOR_sf_runtime 0000000180014860     sf_runtime:sf_runtime.dll
 0002:00001874       __IMPORT_DESCRIPTOR_libmx  0000000180014874     libmx:libmx.dll
 0002:00001888       __IMPORT_DESCRIPTOR_libmex 0000000180014888     libmex:libmex.dll
 0002:0000189c       __IMPORT_DESCRIPTOR_libut  000000018001489c     libut:libut.dll
 0002:000018b0       __IMPORT_DESCRIPTOR_libmwmathutil 00000001800148b0     libmwmathutil:libmwmathutil.dll
 0002:000018c4       __IMPORT_DESCRIPTOR_libcovrt 00000001800148c4     libcovrt:libcovrt.dll
 0002:000018d8       __IMPORT_DESCRIPTOR_KERNEL32 00000001800148d8     kernel32:KERNEL32.dll
 0002:000018ec       __IMPORT_DESCRIPTOR_VCRUNTIME140 00000001800148ec     vcruntime:VCRUNTIME140.dll
 0002:00001900       __IMPORT_DESCRIPTOR_api-ms-win-crt-string-l1-1-0 0000000180014900     ucrt:api-ms-win-crt-string-l1-1-0.dll
 0002:00001914       __IMPORT_DESCRIPTOR_api-ms-win-crt-time-l1-1-0 0000000180014914     ucrt:api-ms-win-crt-time-l1-1-0.dll
 0002:00001928       __IMPORT_DESCRIPTOR_api-ms-win-crt-stdio-l1-1-0 0000000180014928     ucrt:api-ms-win-crt-stdio-l1-1-0.dll
 0002:0000193c       __IMPORT_DESCRIPTOR_api-ms-win-crt-heap-l1-1-0 000000018001493c     ucrt:api-ms-win-crt-heap-l1-1-0.dll
 0002:00001950       __IMPORT_DESCRIPTOR_api-ms-win-crt-runtime-l1-1-0 0000000180014950     ucrt:api-ms-win-crt-runtime-l1-1-0.dll
 0002:00001964       __NULL_IMPORT_DESCRIPTOR   0000000180014964     sf_runtime:sf_runtime.dll
 0003:00001f50       DYNAMIC_DIMENSION          0000000180017f50     DemuxTwoOutput_sfun_registry.obj
 0003:00004600       __security_cookie          000000018001a600     MSVCRT:gs_cookie.obj
 0003:00004640       __security_cookie_complement 000000018001a640     MSVCRT:gs_cookie.obj
 0003:00004648       _fltused                   000000018001a648     MSVCRT:fltused.obj
 0003:0000464c       __scrt_native_dllmain_reason 000000018001a64c     MSVCRT:utility.obj
 0003:00004650       __isa_inverted             000000018001a650     MSVCRT:cpu_disp.obj
 0003:00004658       __isa_available            000000018001a658     MSVCRT:cpu_disp.obj
 0003:0000465c       __isa_enabled              000000018001a65c     MSVCRT:cpu_disp.obj
 0003:00004660       __memset_fast_string_threshold 000000018001a660     MSVCRT:cpu_disp.obj
 0003:00004668       __memset_nt_threshold      000000018001a668     MSVCRT:cpu_disp.obj
 0003:00004670       __scrt_ucrt_dll_is_in_use  000000018001a670     MSVCRT:ucrt_stubs.obj
 0003:00005340       ?__type_info_root_node@@3U__type_info_node@@A 000000018001b340     MSVCRT:tncleanup.obj
 0003:00005350       ?_OptionsStorage@?1??__local_stdio_printf_options@@9@4_KA 000000018001b350     MSVCRT:default_local_stdio_options.obj
 0003:00005358       ?_OptionsStorage@?1??__local_stdio_scanf_options@@9@4_KA 000000018001b358     MSVCRT:default_local_stdio_options.obj
 0003:00005360       __scrt_current_native_startup_state 000000018001b360     MSVCRT:utility.obj
 0003:00005368       __scrt_native_startup_lock 000000018001b368     MSVCRT:utility.obj
 0003:000053a8       __scrt_debugger_hook_flag  000000018001b3a8     MSVCRT:utility_desktop.obj
 0003:000053b0       __castguard_check_failure_user_handled_fptr 000000018001b3b0     MSVCRT:guard_support.obj
 0003:000053b8       __avx10_version            000000018001b3b8     MSVCRT:cpu_disp.obj
 0003:000053bc       __favor                    000000018001b3bc     MSVCRT:cpu_disp.obj
 0003:000053c0       ?_OptionsStorage@?1??__local_stdio_printf_options@@9@9 000000018001b3c0     <common>
 0003:000053c8       __dyn_tls_init_callback    000000018001b3c8     <common>

 entry point at        0001:00010ce4

 Static symbols

 0000:00000000       .debug$S                   0000000180000000     DemuxTwoOutput_sfun.exp
 0000:00000000       _volmd                     0000000180000000     DemuxTwoOutput_sfun.obj
 0000:00000000       _volmd                     0000000180000000     DemuxTwoOutput_sfun_registry.obj
 0000:00000000       _volmd                     0000000180000000     c2_DemuxTwoOutput.obj
 0000:00000000       .debug$S                   0000000180000000     ucrt:api-ms-win-crt-heap-l1-1-0.dll
 0000:00000000       .debug$S                   0000000180000000     ucrt:api-ms-win-crt-heap-l1-1-0.dll
 0000:00000000       .debug$S                   0000000180000000     ucrt:api-ms-win-crt-runtime-l1-1-0.dll
 0000:00000000       .debug$S                   0000000180000000     ucrt:api-ms-win-crt-runtime-l1-1-0.dll
 0000:00000000       .debug$S                   0000000180000000     ucrt:api-ms-win-crt-runtime-l1-1-0.dll
 0000:00000000       .debug$S                   0000000180000000     ucrt:api-ms-win-crt-runtime-l1-1-0.dll
 0000:00000000       .debug$S                   0000000180000000     ucrt:api-ms-win-crt-runtime-l1-1-0.dll
 0000:00000000       .debug$S                   0000000180000000     ucrt:api-ms-win-crt-runtime-l1-1-0.dll
 0000:00000000       .debug$S                   0000000180000000     ucrt:api-ms-win-crt-runtime-l1-1-0.dll
 0000:00000000       .debug$S                   0000000180000000     ucrt:api-ms-win-crt-runtime-l1-1-0.dll
 0000:00000000       .debug$S                   0000000180000000     ucrt:api-ms-win-crt-runtime-l1-1-0.dll
 0000:00000000       .debug$S                   0000000180000000     ucrt:api-ms-win-crt-runtime-l1-1-0.dll
 0000:00000000       .debug$S                   0000000180000000     ucrt:api-ms-win-crt-runtime-l1-1-0.dll
 0000:00000000       .debug$S                   0000000180000000     ucrt:api-ms-win-crt-runtime-l1-1-0.dll
 0000:00000000       .debug$S                   0000000180000000     ucrt:api-ms-win-crt-stdio-l1-1-0.dll
 0000:00000000       .debug$S                   0000000180000000     ucrt:api-ms-win-crt-string-l1-1-0.dll
 0000:00000000       .debug$S                   0000000180000000     ucrt:api-ms-win-crt-string-l1-1-0.dll
 0000:00000000       .debug$S                   0000000180000000     ucrt:api-ms-win-crt-string-l1-1-0.dll
 0000:00000000       .debug$S                   0000000180000000     ucrt:api-ms-win-crt-time-l1-1-0.dll
 0000:00000000       .debug$S                   0000000180000000     ucrt:api-ms-win-crt-time-l1-1-0.dll
 0000:00000000       .debug$S                   0000000180000000     kernel32:KERNEL32.dll
 0000:00000000       .debug$S                   0000000180000000     kernel32:KERNEL32.dll
 0000:00000000       .debug$S                   0000000180000000     kernel32:KERNEL32.dll
 0000:00000000       .debug$S                   0000000180000000     kernel32:KERNEL32.dll
 0000:00000000       .debug$S                   0000000180000000     kernel32:KERNEL32.dll
 0000:00000000       .debug$S                   0000000180000000     kernel32:KERNEL32.dll
 0000:00000000       .debug$S                   0000000180000000     kernel32:KERNEL32.dll
 0000:00000000       .debug$S                   0000000180000000     kernel32:KERNEL32.dll
 0000:00000000       .debug$S                   0000000180000000     kernel32:KERNEL32.dll
 0000:00000000       .debug$S                   0000000180000000     kernel32:KERNEL32.dll
 0000:00000000       .debug$S                   0000000180000000     kernel32:KERNEL32.dll
 0000:00000000       .debug$S                   0000000180000000     kernel32:KERNEL32.dll
 0000:00000000       .debug$S                   0000000180000000     kernel32:KERNEL32.dll
 0000:00000000       .debug$S                   0000000180000000     kernel32:KERNEL32.dll
 0000:00000000       .debug$S                   0000000180000000     kernel32:KERNEL32.dll
 0000:00000000       .debug$S                   0000000180000000     kernel32:KERNEL32.dll
 0000:00000000       .debug$S                   0000000180000000     kernel32:KERNEL32.dll
 0000:00000000       .debug$S                   0000000180000000     libcovrt:libcovrt.dll
 0000:00000000       .debug$S                   0000000180000000     libcovrt:libcovrt.dll
 0000:00000000       .debug$S                   0000000180000000     libcovrt:libcovrt.dll
 0000:00000000       .debug$S                   0000000180000000     libcovrt:libcovrt.dll
 0000:00000000       .debug$S                   0000000180000000     libcovrt:libcovrt.dll
 0000:00000000       .debug$S                   0000000180000000     libcovrt:libcovrt.dll
 0000:00000000       .debug$S                   0000000180000000     libcovrt:libcovrt.dll
 0000:00000000       .debug$S                   0000000180000000     libcovrt:libcovrt.dll
 0000:00000000       .debug$S                   0000000180000000     libcovrt:libcovrt.dll
 0000:00000000       .debug$S                   0000000180000000     libcovrt:libcovrt.dll
 0000:00000000       .debug$S                   0000000180000000     libcovrt:libcovrt.dll
 0000:00000000       .debug$S                   0000000180000000     libcovrt:libcovrt.dll
 0000:00000000       .debug$S                   0000000180000000     libcovrt:libcovrt.dll
 0000:00000000       .debug$S                   0000000180000000     libcovrt:libcovrt.dll
 0000:00000000       .debug$S                   0000000180000000     libcovrt:libcovrt.dll
 0000:00000000       .debug$S                   0000000180000000     libcovrt:libcovrt.dll
 0000:00000000       .debug$S                   0000000180000000     libcovrt:libcovrt.dll
 0000:00000000       .debug$S                   0000000180000000     libcovrt:libcovrt.dll
 0000:00000000       .debug$S                   0000000180000000     libmex:libmex.dll
 0000:00000000       .debug$S                   0000000180000000     libmex:libmex.dll
 0000:00000000       .debug$S                   0000000180000000     libmex:libmex.dll
 0000:00000000       .debug$S                   0000000180000000     libmex:libmex.dll
 0000:00000000       .debug$S                   0000000180000000     libmex:libmex.dll
 0000:00000000       .debug$S                   0000000180000000     libmex:libmex.dll
 0000:00000000       .debug$S                   0000000180000000     libmex:libmex.dll
 0000:00000000       .debug$S                   0000000180000000     libmwmathutil:libmwmathutil.dll
 0000:00000000       .debug$S                   0000000180000000     libmwmathutil:libmwmathutil.dll
 0000:00000000       .debug$S                   0000000180000000     libmwmathutil:libmwmathutil.dll
 0000:00000000       .debug$S                   0000000180000000     libmwmathutil:libmwmathutil.dll
 0000:00000000       .debug$S                   0000000180000000     libmwmathutil:libmwmathutil.dll
 0000:00000000       .debug$S                   0000000180000000     libmwmathutil:libmwmathutil.dll
 0000:00000000       .debug$S                   0000000180000000     libmx:libmx.dll
 0000:00000000       .debug$S                   0000000180000000     libmx:libmx.dll
 0000:00000000       .debug$S                   0000000180000000     libmx:libmx.dll
 0000:00000000       .debug$S                   0000000180000000     libmx:libmx.dll
 0000:00000000       .debug$S                   0000000180000000     libmx:libmx.dll
 0000:00000000       .debug$S                   0000000180000000     libmx:libmx.dll
 0000:00000000       .debug$S                   0000000180000000     libmx:libmx.dll
 0000:00000000       .debug$S                   0000000180000000     libmx:libmx.dll
 0000:00000000       .debug$S                   0000000180000000     libmx:libmx.dll
 0000:00000000       .debug$S                   0000000180000000     libmx:libmx.dll
 0000:00000000       .debug$S                   0000000180000000     libmx:libmx.dll
 0000:00000000       .debug$S                   0000000180000000     libmx:libmx.dll
 0000:00000000       .debug$S                   0000000180000000     libmx:libmx.dll
 0000:00000000       .debug$S                   0000000180000000     libmx:libmx.dll
 0000:00000000       .debug$S                   0000000180000000     libmx:libmx.dll
 0000:00000000       .debug$S                   0000000180000000     libmx:libmx.dll
 0000:00000000       .debug$S                   0000000180000000     libmx:libmx.dll
 0000:00000000       .debug$S                   0000000180000000     libmx:libmx.dll
 0000:00000000       .debug$S                   0000000180000000     libmx:libmx.dll
 0000:00000000       .debug$S                   0000000180000000     libmx:libmx.dll
 0000:00000000       .debug$S                   0000000180000000     libut:libut.dll
 0000:00000000       .debug$S                   0000000180000000     libut:libut.dll
 0000:00000000       .debug$S                   0000000180000000     sf_runtime:sf_runtime.dll
 0000:00000000       .debug$S                   0000000180000000     sf_runtime:sf_runtime.dll
 0000:00000000       .debug$S                   0000000180000000     sf_runtime:sf_runtime.dll
 0000:00000000       .debug$S                   0000000180000000     sf_runtime:sf_runtime.dll
 0000:00000000       .debug$S                   0000000180000000     sf_runtime:sf_runtime.dll
 0000:00000000       .debug$S                   0000000180000000     sf_runtime:sf_runtime.dll
 0000:00000000       .debug$S                   0000000180000000     sf_runtime:sf_runtime.dll
 0000:00000000       .debug$S                   0000000180000000     sf_runtime:sf_runtime.dll
 0000:00000000       .debug$S                   0000000180000000     sf_runtime:sf_runtime.dll
 0000:00000000       .debug$S                   0000000180000000     sf_runtime:sf_runtime.dll
 0000:00000000       .debug$S                   0000000180000000     sf_runtime:sf_runtime.dll
 0000:00000000       .debug$S                   0000000180000000     sf_runtime:sf_runtime.dll
 0000:00000000       .debug$S                   0000000180000000     sf_runtime:sf_runtime.dll
 0000:00000000       .debug$S                   0000000180000000     sf_runtime:sf_runtime.dll
 0000:00000000       .debug$S                   0000000180000000     sf_runtime:sf_runtime.dll
 0000:00000000       .debug$S                   0000000180000000     sf_runtime:sf_runtime.dll
 0000:00000000       .debug$S                   0000000180000000     sf_runtime:sf_runtime.dll
 0000:00000000       .debug$S                   0000000180000000     sf_runtime:sf_runtime.dll
 0000:00000000       .debug$S                   0000000180000000     sf_runtime:sf_runtime.dll
 0000:00000000       .debug$S                   0000000180000000     sf_runtime:sf_runtime.dll
 0000:00000000       .debug$S                   0000000180000000     sf_runtime:sf_runtime.dll
 0000:00000000       .debug$S                   0000000180000000     sf_runtime:sf_runtime.dll
 0000:00000000       .debug$S                   0000000180000000     sf_runtime:sf_runtime.dll
 0000:00000000       .debug$S                   0000000180000000     sf_runtime:sf_runtime.dll
 0000:00000000       .debug$S                   0000000180000000     sf_runtime:sf_runtime.dll
 0000:00000000       .debug$S                   0000000180000000     sf_runtime:sf_runtime.dll
 0000:00000000       .debug$S                   0000000180000000     sf_runtime:sf_runtime.dll
 0000:00000000       .debug$S                   0000000180000000     sf_runtime:sf_runtime.dll
 0000:00000000       .debug$S                   0000000180000000     sf_runtime:sf_runtime.dll
 0000:00000000       .debug$S                   0000000180000000     sf_runtime:sf_runtime.dll
 0000:00000000       .debug$S                   0000000180000000     sf_runtime:sf_runtime.dll
 0000:00000000       .debug$S                   0000000180000000     sf_runtime:sf_runtime.dll
 0000:00000000       .debug$S                   0000000180000000     sf_runtime:sf_runtime.dll
 0000:00000000       .debug$S                   0000000180000000     sf_runtime:sf_runtime.dll
 0000:00000000       .debug$S                   0000000180000000     sf_runtime:sf_runtime.dll
 0000:00000000       .debug$S                   0000000180000000     sf_runtime:sf_runtime.dll
 0000:00000000       .debug$S                   0000000180000000     sf_runtime:sf_runtime.dll
 0000:00000000       _volmd                     0000000180000000     MSVCRT:cpu_disp.obj
 0002:fffed000       __guard_ehcont_?dllmain_dispatch@@YAHQEAUHINSTANCE__@@KQEAX@Z 0000000180000000     MSVCRT:dll_dllmain.obj
 0002:fffed000       __guard_fids_?dllmain_dispatch@@YAHQEAUHINSTANCE__@@KQEAX@Z 0000000180000000     MSVCRT:dll_dllmain.obj
 0000:00000000       _volmd                     0000000180000000     MSVCRT:gs_report.obj
 0000:00000000       _volmd                     0000000180000000     MSVCRT:gs_report.obj
 0000:00000000       _volmd                     0000000180000000     MSVCRT:gs_report.obj
 0002:fffed000       __guard_fids__             0000000180000000     MSVCRT:guard_support.obj
 0002:fffed000       __guard_fids__             0000000180000000     MSVCRT:guard_support.obj
 0002:fffed000       __guard_fids__guard_icall_checks_enforced 0000000180000000     MSVCRT:guard_support.obj
 0000:00000000       _volmd                     0000000180000000     MSVCRT:guard_support.obj
 0000:00000000       _volmd                     0000000180000000     MSVCRT:guard_support.obj
 0000:00000000       _volmd                     0000000180000000     MSVCRT:guard_support.obj
 0000:00000000       _volmd                     0000000180000000     MSVCRT:guard_support.obj
 0000:00000000       _volmd                     0000000180000000     MSVCRT:guard_support.obj
 0000:00000000       _volmd                     0000000180000000     MSVCRT:guard_support.obj
 0000:00000000       _volmd                     0000000180000000     MSVCRT:guard_support.obj
 0000:00000000       _volmd                     0000000180000000     MSVCRT:guard_support.obj
 0000:00000000       _volmd                     0000000180000000     MSVCRT:guard_support.obj
 0000:00000000       _volmd                     0000000180000000     MSVCRT:guard_support.obj
 0002:fffed000       __guard_ehcont___scrt_is_nonwritable_in_current_image 0000000180000000     MSVCRT:utility.obj
 0000:00000000       _volmd                     0000000180000000     MSVCRT:utility.obj
 0000:00000000       _volmd                     0000000180000000     MSVCRT:utility.obj
 0000:00000000       _volmd                     0000000180000000     MSVCRT:utility.obj
 0002:fffed000       __guard_fids___scrt_set_unhandled_exception_filter 0000000180000000     MSVCRT:utility_desktop.obj
 0000:00000000       _volmd                     0000000180000000     MSVCRT:utility_desktop.obj
 0002:fffed000       __guard_fids__             0000000180000000     vcruntime:softmemtag.obj
[...]
 0003:00001e80       $SG21850                   0000000180017e80     c2_DemuxTwoOutput.obj
 0003:00001e90       $SG21851                   0000000180017e90     c2_DemuxTwoOutput.obj
 0003:00001ea8       $SG21873                   0000000180017ea8     c2_DemuxTwoOutput.obj
 0003:00001ee0       $SG21886                   0000000180017ee0     c2_DemuxTwoOutput.obj
 0003:00001f58       $SG20906                   0000000180017f58     DemuxTwoOutput_sfun_registry.obj
 0003:00001f78       $SG20908                   0000000180017f78     DemuxTwoOutput_sfun_registry.obj
 0003:00001f88       $SG20936                   0000000180017f88     DemuxTwoOutput_sfun_registry.obj
 0003:00001fa0       $SG20938                   0000000180017fa0     DemuxTwoOutput_sfun_registry.obj
 0003:00001fb0       $SG20966                   0000000180017fb0     DemuxTwoOutput_sfun_registry.obj
 0003:00001fc8       $SG20968                   0000000180017fc8     DemuxTwoOutput_sfun_registry.obj
 0003:00001fd8       $SG20996                   0000000180017fd8     DemuxTwoOutput_sfun_registry.obj
 0003:00001ff8       $SG20998                   0000000180017ff8     DemuxTwoOutput_sfun_registry.obj
 0003:00002008       $SG21026                   0000000180018008     DemuxTwoOutput_sfun_registry.obj
 0003:00002028       $SG21028                   0000000180018028     DemuxTwoOutput_sfun_registry.obj
 0003:00002038       $SG21044                   0000000180018038     DemuxTwoOutput_sfun_registry.obj
 0003:00002048       $SG21058                   0000000180018048     DemuxTwoOutput_sfun_registry.obj
 0003:00002060       $SG21078                   0000000180018060     DemuxTwoOutput_sfun_registry.obj
 0003:00002070       $SG21151                   0000000180018070     DemuxTwoOutput_sfun_registry.obj
 0003:00002078       $SG21152                   0000000180018078     DemuxTwoOutput_sfun_registry.obj
 0003:0000208c       $SG21156                   000000018001808c     DemuxTwoOutput_sfun_registry.obj
 0003:00002098       $SG21157                   0000000180018098     DemuxTwoOutput_sfun_registry.obj
 0003:000020b8       $SG21271                   00000001800180b8     DemuxTwoOutput_sfun_registry.obj
 0003:000020e0       _sfcnName                  00000001800180e0     DemuxTwoOutput_sfun_registry.obj
 0003:00002100       $SG21286                   0000000180018100     DemuxTwoOutput_sfun_registry.obj
 0003:00002178       $SG21591                   0000000180018178     DemuxTwoOutput_sfun_registry.obj
 0003:00002180       $SG21592                   0000000180018180     DemuxTwoOutput_sfun_registry.obj
 0003:00002188       $SG21604                   0000000180018188     DemuxTwoOutput_sfun_registry.obj
 0003:00002198       $SG21740                   0000000180018198     DemuxTwoOutput_sfun_registry.obj
 0003:000021d8       $SG21741                   00000001800181d8     DemuxTwoOutput_sfun_registry.obj
 0003:000021e8       $SG21742                   00000001800181e8     DemuxTwoOutput_sfun_registry.obj
 0003:000021f0       $SG21746                   00000001800181f0     DemuxTwoOutput_sfun_registry.obj
 0003:00002238       $SG21747                   0000000180018238     DemuxTwoOutput_sfun_registry.obj
 0003:00002248       $SG21748                   0000000180018248     DemuxTwoOutput_sfun_registry.obj
 0003:00002250       $SG21749                   0000000180018250     DemuxTwoOutput_sfun_registry.obj
 0003:000022a8       $SG21750                   00000001800182a8     DemuxTwoOutput_sfun_registry.obj
 0003:000022b8       $SG21751                   00000001800182b8     DemuxTwoOutput_sfun_registry.obj
 0003:000022c0       $SG21771                   00000001800182c0     DemuxTwoOutput_sfun_registry.obj
 0003:00002300       $SG21772                   0000000180018300     DemuxTwoOutput_sfun_registry.obj
 0003:00002310       $SG21773                   0000000180018310     DemuxTwoOutput_sfun_registry.obj
 0003:00002320       $SG21777                   0000000180018320     DemuxTwoOutput_sfun_registry.obj
 0003:00002368       $SG21778                   0000000180018368     DemuxTwoOutput_sfun_registry.obj
 0003:00002378       $SG21779                   0000000180018378     DemuxTwoOutput_sfun_registry.obj
 0003:00002380       $SG21780                   0000000180018380     DemuxTwoOutput_sfun_registry.obj
 0003:000023d8       $SG21781                   00000001800183d8     DemuxTwoOutput_sfun_registry.obj
 0003:000023e8       $SG21782                   00000001800183e8     DemuxTwoOutput_sfun_registry.obj
 0003:000023f0       $SG21801                   00000001800183f0     DemuxTwoOutput_sfun_registry.obj
 0003:00002440       $SG21802                   0000000180018440     DemuxTwoOutput_sfun_registry.obj
 0003:00002450       $SG21803                   0000000180018450     DemuxTwoOutput_sfun_registry.obj
 0003:00002460       $SG21812                   0000000180018460     DemuxTwoOutput_sfun_registry.obj
 0003:000024c0       $SG21813                   00000001800184c0     DemuxTwoOutput_sfun_registry.obj
 0003:000024c8       $SG21814                   00000001800184c8     DemuxTwoOutput_sfun_registry.obj
 0003:000024d0       $SG21823                   00000001800184d0     DemuxTwoOutput_sfun_registry.obj
 0003:00002530       $SG21824                   0000000180018530     DemuxTwoOutput_sfun_registry.obj
 0003:00002538       $SG21825                   0000000180018538     DemuxTwoOutput_sfun_registry.obj
 0003:00002540       $SG22131                   0000000180018540     DemuxTwoOutput_sfun_registry.obj
 0003:000025c0       $SG22134                   00000001800185c0     DemuxTwoOutput_sfun_registry.obj
 0003:00002640       $SG22139                   0000000180018640     DemuxTwoOutput_sfun_registry.obj
 0003:000026c0       $SG22147                   00000001800186c0     DemuxTwoOutput_sfun_registry.obj
 0003:00002730       $SG22420                   0000000180018730     DemuxTwoOutput_sfun_registry.obj
 0003:000027b0       $SG22425                   00000001800187b0     DemuxTwoOutput_sfun_registry.obj
 0003:00002828       $SG22749                   0000000180018828     DemuxTwoOutput_sfun_registry.obj
 0003:00002840       $SG22762                   0000000180018840     DemuxTwoOutput_sfun_registry.obj
 0003:000028b8       $SG22765                   00000001800188b8     DemuxTwoOutput_sfun_registry.obj
 0003:000028bc       $SG22817                   00000001800188bc     DemuxTwoOutput_sfun_registry.obj
 0003:000028c4       $SG22818                   00000001800188c4     DemuxTwoOutput_sfun_registry.obj
 0003:000028cc       $SG22819                   00000001800188cc     DemuxTwoOutput_sfun_registry.obj
 0003:000028e0       $SG22820                   00000001800188e0     DemuxTwoOutput_sfun_registry.obj
 0003:00002960       $SG22822                   0000000180018960     DemuxTwoOutput_sfun_registry.obj
 0003:000029dc       $SG22825                   00000001800189dc     DemuxTwoOutput_sfun_registry.obj
 0003:000029e4       $SG22828                   00000001800189e4     DemuxTwoOutput_sfun_registry.obj
 0003:000029ec       $SG22831                   00000001800189ec     DemuxTwoOutput_sfun_registry.obj
 0003:00002a00       $SG22832                   0000000180018a00     DemuxTwoOutput_sfun_registry.obj
 0003:00002a80       $SG22833                   0000000180018a80     DemuxTwoOutput_sfun_registry.obj
 0003:00002a90       $SG22835                   0000000180018a90     DemuxTwoOutput_sfun_registry.obj
 0003:00002a9c       $SG22837                   0000000180018a9c     DemuxTwoOutput_sfun_registry.obj
 0003:00002aa4       $SG22839                   0000000180018aa4     DemuxTwoOutput_sfun_registry.obj
 0003:00002ab0       $SG22841                   0000000180018ab0     DemuxTwoOutput_sfun_registry.obj
 0003:00002abc       $SG22843                   0000000180018abc     DemuxTwoOutput_sfun_registry.obj
 0003:00002ac0       $SG22846                   0000000180018ac0     DemuxTwoOutput_sfun_registry.obj
 0003:00002ba8       $SG22956                   0000000180018ba8     DemuxTwoOutput_sfun_registry.obj
 0003:00002bd8       $SG22957                   0000000180018bd8     DemuxTwoOutput_sfun_registry.obj
 0003:00002be8       $SG22958                   0000000180018be8     DemuxTwoOutput_sfun_registry.obj
 0003:00002bf0       $SG22960                   0000000180018bf0     DemuxTwoOutput_sfun_registry.obj
 0003:00002c28       $SG22961                   0000000180018c28     DemuxTwoOutput_sfun_registry.obj
 0003:00002c38       $SG22962                   0000000180018c38     DemuxTwoOutput_sfun_registry.obj
 0003:00002c40       $SG22965                   0000000180018c40     DemuxTwoOutput_sfun_registry.obj
 0003:00002c78       $SG22966                   0000000180018c78     DemuxTwoOutput_sfun_registry.obj
 0003:00002c88       $SG22967                   0000000180018c88     DemuxTwoOutput_sfun_registry.obj
 0003:00002c90       $SG22969                   0000000180018c90     DemuxTwoOutput_sfun_registry.obj
 0003:00002cc8       $SG22970                   0000000180018cc8     DemuxTwoOutput_sfun_registry.obj
 0003:00002cd8       $SG22971                   0000000180018cd8     DemuxTwoOutput_sfun_registry.obj
 0003:00002ce0       $SG22973                   0000000180018ce0     DemuxTwoOutput_sfun_registry.obj
 0003:00002d18       $SG22974                   0000000180018d18     DemuxTwoOutput_sfun_registry.obj
 0003:00002d28       $SG22975                   0000000180018d28     DemuxTwoOutput_sfun_registry.obj
 0003:00002d30       $SG22978                   0000000180018d30     DemuxTwoOutput_sfun_registry.obj
 0003:00002d38       $SG22980                   0000000180018d38     DemuxTwoOutput_sfun_registry.obj
 0003:00002d50       $SG22981                   0000000180018d50     DemuxTwoOutput_sfun_registry.obj
 0003:00002d88       $SG22982                   0000000180018d88     DemuxTwoOutput_sfun_registry.obj
 0003:00002d98       $SG22983                   0000000180018d98     DemuxTwoOutput_sfun_registry.obj
 0003:00002da0       $SG23149                   0000000180018da0     DemuxTwoOutput_sfun_registry.obj
 0003:00002dc0       $SG23150                   0000000180018dc0     DemuxTwoOutput_sfun_registry.obj
 0003:00002e50       $SG23156                   0000000180018e50     DemuxTwoOutput_sfun_registry.obj
 0003:00002e70       $SG23157                   0000000180018e70     DemuxTwoOutput_sfun_registry.obj
 0003:00002f00       $SG23163                   0000000180018f00     DemuxTwoOutput_sfun_registry.obj
 0003:00002f20       $SG23164                   0000000180018f20     DemuxTwoOutput_sfun_registry.obj
 0003:00002fb0       $SG23170                   0000000180018fb0     DemuxTwoOutput_sfun_registry.obj
 0003:00002fd0       $SG23171                   0000000180018fd0     DemuxTwoOutput_sfun_registry.obj
 0003:00003060       $SG23177                   0000000180019060     DemuxTwoOutput_sfun_registry.obj
 0003:00003080       $SG23178                   0000000180019080     DemuxTwoOutput_sfun_registry.obj
 0003:00003110       $SG23182                   0000000180019110     DemuxTwoOutput_sfun_registry.obj
 0003:00003130       $SG23183                   0000000180019130     DemuxTwoOutput_sfun_registry.obj
 0003:000031c0       $SG23187                   00000001800191c0     DemuxTwoOutput_sfun_registry.obj
 0003:000031f0       $SG23188                   00000001800191f0     DemuxTwoOutput_sfun_registry.obj
 0003:00003280       $SG23192                   0000000180019280     DemuxTwoOutput_sfun_registry.obj
 0003:000032b0       $SG23193                   00000001800192b0     DemuxTwoOutput_sfun_registry.obj
 0003:00003340       $SG23197                   0000000180019340     DemuxTwoOutput_sfun_registry.obj
 0003:00003360       $SG23198                   0000000180019360     DemuxTwoOutput_sfun_registry.obj
 0003:000033f0       $SG23202                   00000001800193f0     DemuxTwoOutput_sfun_registry.obj
 0003:00003410       $SG23203                   0000000180019410     DemuxTwoOutput_sfun_registry.obj
 0003:000034a0       $SG23207                   00000001800194a0     DemuxTwoOutput_sfun_registry.obj
 0003:000034c0       $SG23208                   00000001800194c0     DemuxTwoOutput_sfun_registry.obj
 0003:00003550       $SG23212                   0000000180019550     DemuxTwoOutput_sfun_registry.obj
 0003:00003570       $SG23213                   0000000180019570     DemuxTwoOutput_sfun_registry.obj
 0003:00003600       $SG23217                   0000000180019600     DemuxTwoOutput_sfun_registry.obj
 0003:00003620       $SG23218                   0000000180019620     DemuxTwoOutput_sfun_registry.obj
 0003:000036b0       $SG23222                   00000001800196b0     DemuxTwoOutput_sfun_registry.obj
 0003:000036d0       $SG23223                   00000001800196d0     DemuxTwoOutput_sfun_registry.obj
 0003:00003760       $SG23227                   0000000180019760     DemuxTwoOutput_sfun_registry.obj
 0003:00003780       $SG23228                   0000000180019780     DemuxTwoOutput_sfun_registry.obj
 0003:00003810       $SG23232                   0000000180019810     DemuxTwoOutput_sfun_registry.obj
 0003:00003830       $SG23233                   0000000180019830     DemuxTwoOutput_sfun_registry.obj
 0003:000038c0       $SG23237                   00000001800198c0     DemuxTwoOutput_sfun_registry.obj
 0003:000038e0       $SG23238                   00000001800198e0     DemuxTwoOutput_sfun_registry.obj
 0003:00003970       $SG23243                   0000000180019970     DemuxTwoOutput_sfun_registry.obj
 0003:00003990       $SG23244                   0000000180019990     DemuxTwoOutput_sfun_registry.obj
 0003:00003a20       $SG23249                   0000000180019a20     DemuxTwoOutput_sfun_registry.obj
 0003:00003a30       $SG23250                   0000000180019a30     DemuxTwoOutput_sfun_registry.obj
 0003:00003ac0       $SG23254                   0000000180019ac0     DemuxTwoOutput_sfun_registry.obj
 0003:00003ae0       $SG23255                   0000000180019ae0     DemuxTwoOutput_sfun_registry.obj
 0003:00003b70       $SG23259                   0000000180019b70     DemuxTwoOutput_sfun_registry.obj
 0003:00003b80       $SG23260                   0000000180019b80     DemuxTwoOutput_sfun_registry.obj
 0003:00003c10       $SG23264                   0000000180019c10     DemuxTwoOutput_sfun_registry.obj
 0003:00003c30       $SG23265                   0000000180019c30     DemuxTwoOutput_sfun_registry.obj
 0003:00003cc0       $SG23269                   0000000180019cc0     DemuxTwoOutput_sfun_registry.obj
 0003:00003ce0       $SG23270                   0000000180019ce0     DemuxTwoOutput_sfun_registry.obj
 0003:00003d70       $SG23274                   0000000180019d70     DemuxTwoOutput_sfun_registry.obj
 0003:00003d80       $SG23275                   0000000180019d80     DemuxTwoOutput_sfun_registry.obj
 0003:00003e10       $SG23279                   0000000180019e10     DemuxTwoOutput_sfun_registry.obj
 0003:00003e20       $SG23280                   0000000180019e20     DemuxTwoOutput_sfun_registry.obj
 0003:00003eb0       $SG23284                   0000000180019eb0     DemuxTwoOutput_sfun_registry.obj
 0003:00003ed0       $SG23285                   0000000180019ed0     DemuxTwoOutput_sfun_registry.obj
 0003:00003f60       $SG23289                   0000000180019f60     DemuxTwoOutput_sfun_registry.obj
 0003:00003f80       $SG23290                   0000000180019f80     DemuxTwoOutput_sfun_registry.obj
 0003:00004010       $SG23294                   000000018001a010     DemuxTwoOutput_sfun_registry.obj
 0003:00004020       $SG23295                   000000018001a020     DemuxTwoOutput_sfun_registry.obj
 0003:000040b0       $SG23303                   000000018001a0b0     DemuxTwoOutput_sfun_registry.obj
 0003:000040c0       $SG23304                   000000018001a0c0     DemuxTwoOutput_sfun_registry.obj
 0003:00004150       $SG23310                   000000018001a150     DemuxTwoOutput_sfun_registry.obj
 0003:00004160       $SG23311                   000000018001a160     DemuxTwoOutput_sfun_registry.obj
 0003:000041f0       $SG23315                   000000018001a1f0     DemuxTwoOutput_sfun_registry.obj
 0003:00004200       $SG23316                   000000018001a200     DemuxTwoOutput_sfun_registry.obj
 0003:00004290       $SG23321                   000000018001a290     DemuxTwoOutput_sfun_registry.obj
 0003:000042a0       $SG23322                   000000018001a2a0     DemuxTwoOutput_sfun_registry.obj
 0003:00004330       $SG23326                   000000018001a330     DemuxTwoOutput_sfun_registry.obj
 0003:000043b0       $SG23349                   000000018001a3b0     DemuxTwoOutput_sfun_registry.obj
 0003:000044c8       $SG23357                   000000018001a4c8     DemuxTwoOutput_sfun_registry.obj
 0003:000044d8       $SG23364                   000000018001a4d8     DemuxTwoOutput_sfun_registry.obj
 0003:000044e8       $SG23372                   000000018001a4e8     DemuxTwoOutput_sfun_registry.obj
 0003:000044f8       $SG23379                   000000018001a4f8     DemuxTwoOutput_sfun_registry.obj
 0003:00004508       $SG23387                   000000018001a508     DemuxTwoOutput_sfun_registry.obj
 0003:00004518       $SG23394                   000000018001a518     DemuxTwoOutput_sfun_registry.obj
 0003:00004528       $SG23400                   000000018001a528     DemuxTwoOutput_sfun_registry.obj
 0003:00004548       $SG23410                   000000018001a548     DemuxTwoOutput_sfun_registry.obj
 0003:00004578       $SG23411                   000000018001a578     DemuxTwoOutput_sfun_registry.obj
 0003:00004580       $SG23412                   000000018001a580     DemuxTwoOutput_sfun_registry.obj
 0003:00004588       $SG23422                   000000018001a588     DemuxTwoOutput_sfun_registry.obj
 0003:000045c0       $SG23423                   000000018001a5c0     DemuxTwoOutput_sfun_registry.obj
 0003:000045c8       $SG23424                   000000018001a5c8     DemuxTwoOutput_sfun_registry.obj
 0003:00004680       sRtwOptimizationInfoStruct 000000018001a680     DemuxTwoOutput_sfun.obj
 0003:00004688       sOptimizationInfoFlags     000000018001a688     DemuxTwoOutput_sfun.obj
 0003:00004690       _sfTime_                   000000018001a690     c2_DemuxTwoOutput.obj
 0003:00004698       $SG21108                   000000018001a698     c2_DemuxTwoOutput.obj
 0003:00004699       $SG21700                   000000018001a699     c2_DemuxTwoOutput.obj
 0003:0000469a       $SG21701                   000000018001a69a     c2_DemuxTwoOutput.obj
 0003:0000469b       $SG21841                   000000018001a69b     c2_DemuxTwoOutput.obj
 0003:000046a0       ?newstr@?1??sf_c2_DemuxTwoOutput_get_post_codegen_info@@9@9 000000018001a6a0     c2_DemuxTwoOutput.obj
 0003:00004db8       sfGlobalMdlStartCallCounts 000000018001adb8     DemuxTwoOutput_sfun_registry.obj
 0003:00004dbc       $SG22813                   000000018001adbc     DemuxTwoOutput_sfun_registry.obj
 0003:00004dbe       ?warningGuard@?1??ssGetRootSS@@9@9 000000018001adbe     DemuxTwoOutput_sfun_registry.obj
 0003:00004dbf       ?warningGuard@?1??ssGetParentSS@@9@9 000000018001adbf     DemuxTwoOutput_sfun_registry.obj
 0003:00004dc0       GS_ExceptionRecord         000000018001adc0     MSVCRT:gs_report.obj
 0003:00004e60       GS_ContextRecord           000000018001ae60     MSVCRT:gs_report.obj
 0003:00005330       ?__proc_attached@@3HA      000000018001b330     MSVCRT:dll_dllmain.obj
 0003:00005370       ?is_initialized_as_dll@@3_NA 000000018001b370     MSVCRT:utility.obj
 0003:00005371       ?module_local_atexit_table_initialized@@3_NA 000000018001b371     MSVCRT:utility.obj
 0003:00005378       ?module_local_atexit_table@@3U_onexit_table_t@@A 000000018001b378     MSVCRT:utility.obj
 0003:00005390       ?module_local_at_quick_exit_table@@3U_onexit_table_t@@A 000000018001b390     MSVCRT:utility.obj
